Archive member included to satisfy reference by file (symbol)

d:/sw4stm32/plugins/fr.ac6.mcu.externaltools.arm-none.win32_1.15.0.201708311556/tools/compiler/bin/../lib/gcc/arm-none-eabi/6.3.1/thumb/v7e-m/fpv4-sp/hard\libgcc.a(_aeabi_uldivmod.o)
                              Drivers/STM32F4xx_HAL_Driver/Src/stm32f4xx_hal_rcc.o (__aeabi_uldivmod)
d:/sw4stm32/plugins/fr.ac6.mcu.externaltools.arm-none.win32_1.15.0.201708311556/tools/compiler/bin/../lib/gcc/arm-none-eabi/6.3.1/thumb/v7e-m/fpv4-sp/hard\libgcc.a(_udivmoddi4.o)
                              d:/sw4stm32/plugins/fr.ac6.mcu.externaltools.arm-none.win32_1.15.0.201708311556/tools/compiler/bin/../lib/gcc/arm-none-eabi/6.3.1/thumb/v7e-m/fpv4-sp/hard\libgcc.a(_aeabi_uldivmod.o) (__udivmoddi4)
d:/sw4stm32/plugins/fr.ac6.mcu.externaltools.arm-none.win32_1.15.0.201708311556/tools/compiler/bin/../lib/gcc/arm-none-eabi/6.3.1/thumb/v7e-m/fpv4-sp/hard\libgcc.a(_dvmd_tls.o)
                              d:/sw4stm32/plugins/fr.ac6.mcu.externaltools.arm-none.win32_1.15.0.201708311556/tools/compiler/bin/../lib/gcc/arm-none-eabi/6.3.1/thumb/v7e-m/fpv4-sp/hard\libgcc.a(_aeabi_uldivmod.o) (__aeabi_ldiv0)
d:/sw4stm32/plugins/fr.ac6.mcu.externaltools.arm-none.win32_1.15.0.201708311556/tools/compiler/bin/../lib/gcc/arm-none-eabi/6.3.1/../../../../arm-none-eabi/lib/thumb/v7e-m/fpv4-sp/hard\libc_nano.a(lib_a-exit.o)
                              d:/sw4stm32/plugins/fr.ac6.mcu.externaltools.arm-none.win32_1.15.0.201708311556/tools/compiler/bin/../lib/gcc/arm-none-eabi/6.3.1/../../../../arm-none-eabi/lib/thumb/v7e-m/fpv4-sp/hard/crt0.o (exit)
d:/sw4stm32/plugins/fr.ac6.mcu.externaltools.arm-none.win32_1.15.0.201708311556/tools/compiler/bin/../lib/gcc/arm-none-eabi/6.3.1/../../../../arm-none-eabi/lib/thumb/v7e-m/fpv4-sp/hard\libc_nano.a(lib_a-impure.o)
                              d:/sw4stm32/plugins/fr.ac6.mcu.externaltools.arm-none.win32_1.15.0.201708311556/tools/compiler/bin/../lib/gcc/arm-none-eabi/6.3.1/../../../../arm-none-eabi/lib/thumb/v7e-m/fpv4-sp/hard\libc_nano.a(lib_a-exit.o) (_global_impure_ptr)
d:/sw4stm32/plugins/fr.ac6.mcu.externaltools.arm-none.win32_1.15.0.201708311556/tools/compiler/bin/../lib/gcc/arm-none-eabi/6.3.1/../../../../arm-none-eabi/lib/thumb/v7e-m/fpv4-sp/hard\libc_nano.a(lib_a-init.o)
                              d:/sw4stm32/plugins/fr.ac6.mcu.externaltools.arm-none.win32_1.15.0.201708311556/tools/compiler/bin/../lib/gcc/arm-none-eabi/6.3.1/../../../../arm-none-eabi/lib/thumb/v7e-m/fpv4-sp/hard/crt0.o (__libc_init_array)
d:/sw4stm32/plugins/fr.ac6.mcu.externaltools.arm-none.win32_1.15.0.201708311556/tools/compiler/bin/../lib/gcc/arm-none-eabi/6.3.1/../../../../arm-none-eabi/lib/thumb/v7e-m/fpv4-sp/hard\libc_nano.a(lib_a-memcpy-stub.o)
                              Middlewares/Third_Party/FreeRTOS/Source/queue.o (memcpy)
d:/sw4stm32/plugins/fr.ac6.mcu.externaltools.arm-none.win32_1.15.0.201708311556/tools/compiler/bin/../lib/gcc/arm-none-eabi/6.3.1/../../../../arm-none-eabi/lib/thumb/v7e-m/fpv4-sp/hard\libc_nano.a(lib_a-memset.o)
                              d:/sw4stm32/plugins/fr.ac6.mcu.externaltools.arm-none.win32_1.15.0.201708311556/tools/compiler/bin/../lib/gcc/arm-none-eabi/6.3.1/../../../../arm-none-eabi/lib/thumb/v7e-m/fpv4-sp/hard/crt0.o (memset)
d:/sw4stm32/plugins/fr.ac6.mcu.externaltools.arm-none.win32_1.15.0.201708311556/tools/compiler/bin/../lib/gcc/arm-none-eabi/6.3.1/../../../../arm-none-eabi/lib/thumb/v7e-m/fpv4-sp/hard\libnosys.a(_exit.o)
                              d:/sw4stm32/plugins/fr.ac6.mcu.externaltools.arm-none.win32_1.15.0.201708311556/tools/compiler/bin/../lib/gcc/arm-none-eabi/6.3.1/../../../../arm-none-eabi/lib/thumb/v7e-m/fpv4-sp/hard\libc_nano.a(lib_a-exit.o) (_exit)

Allocating common symbols
Common symbol       size              file

Task_PWMHandle      0x4               Src/freertos.o
htim4               0x3c              Src/stm32f4xx_hal_timebase_TIM.o
hi2c1               0x54              Src/i2c.o
uwTick              0x4               Drivers/STM32F4xx_HAL_Driver/Src/stm32f4xx_hal.o
xQueueRegistry      0x40              Middlewares/Third_Party/FreeRTOS/Source/queue.o
pFlash              0x20              Drivers/STM32F4xx_HAL_Driver/Src/stm32f4xx_hal_flash.o
Task_USARTHandle    0x4               Src/freertos.o
Task_LEDHandle      0x4               Src/freertos.o
huart1              0x40              Src/usart.o
buffer              0x64              Src/stm32f4xx_it.o
htim2               0x3c              Src/tim.o
huart2              0x40              Src/usart.o
_channels           0x40              Src/freertos.o

Discarded input sections

 .text          0x00000000        0x0 d:/sw4stm32/plugins/fr.ac6.mcu.externaltools.arm-none.win32_1.15.0.201708311556/tools/compiler/bin/../lib/gcc/arm-none-eabi/6.3.1/thumb/v7e-m/fpv4-sp/hard/crti.o
[...]
Memory Configuration

Name             Origin             Length             Attributes
RAM              0x20000000         0x00020000         xrw
CCMRAM           0x10000000         0x00010000         rw
FLASH            0x08000000         0x00100000         xr
*default*        0x00000000         0xffffffff

Linker script and memory map

LOAD d:/sw4stm32/plugins/fr.ac6.mcu.externaltools.arm-none.win32_1.15.0.201708311556/tools/compiler/bin/../lib/gcc/arm-none-eabi/6.3.1/thumb/v7e-m/fpv4-sp/hard/crti.o
LOAD d:/sw4stm32/plugins/fr.ac6.mcu.externaltools.arm-none.win32_1.15.0.201708311556/tools/compiler/bin/../lib/gcc/arm-none-eabi/6.3.1/thumb/v7e-m/fpv4-sp/hard/crtbegin.o
LOAD d:/sw4stm32/plugins/fr.ac6.mcu.externaltools.arm-none.win32_1.15.0.201708311556/tools/compiler/bin/../lib/gcc/arm-none-eabi/6.3.1/../../../../arm-none-eabi/lib/thumb/v7e-m/fpv4-sp/hard/crt0.o
LOAD Drivers/STM32F4xx_HAL_Driver/Src/stm32f4xx_hal.o
LOAD Drivers/STM32F4xx_HAL_Driver/Src/stm32f4xx_hal_cortex.o
LOAD Drivers/STM32F4xx_HAL_Driver/Src/stm32f4xx_hal_dma.o
LOAD Drivers/STM32F4xx_HAL_Driver/Src/stm32f4xx_hal_dma_ex.o
LOAD Drivers/STM32F4xx_HAL_Driver/Src/stm32f4xx_hal_flash.o
LOAD Drivers/STM32F4xx_HAL_Driver/Src/stm32f4xx_hal_flash_ex.o
LOAD Drivers/STM32F4xx_HAL_Driver/Src/stm32f4xx_hal_flash_ramfunc.o
LOAD Drivers/STM32F4xx_HAL_Driver/Src/stm32f4xx_hal_gpio.o
LOAD Drivers/STM32F4xx_HAL_Driver/Src/stm32f4xx_hal_i2c.o
LOAD Drivers/STM32F4xx_HAL_Driver/Src/stm32f4xx_hal_i2c_ex.o
LOAD Drivers/STM32F4xx_HAL_Driver/Src/stm32f4xx_hal_pwr.o
LOAD Drivers/STM32F4xx_HAL_Driver/Src/stm32f4xx_hal_pwr_ex.o
LOAD Drivers/STM32F4xx_HAL_Driver/Src/stm32f4xx_hal_rcc.o
LOAD Drivers/STM32F4xx_HAL_Driver/Src/stm32f4xx_hal_rcc_ex.o
LOAD Drivers/STM32F4xx_HAL_Driver/Src/stm32f4xx_hal_tim.o
LOAD Drivers/STM32F4xx_HAL_Driver/Src/stm32f4xx_hal_tim_ex.o
LOAD Drivers/STM32F4xx_HAL_Driver/Src/stm32f4xx_hal_uart.o
LOAD Middlewares/Third_Party/FreeRTOS/Source/CMSIS_RTOS/cmsis_os.o
LOAD Middlewares/Third_Party/FreeRTOS/Source/croutine.o
LOAD Middlewares/Third_Party/FreeRTOS/Source/event_groups.o
LOAD Middlewares/Third_Party/FreeRTOS/Source/list.o
LOAD Middlewares/Third_Party/FreeRTOS/Source/queue.o
LOAD Middlewares/Third_Party/FreeRTOS/Source/tasks.o
LOAD Middlewares/Third_Party/FreeRTOS/Source/timers.o
LOAD Middlewares/Third_Party/FreeRTOS/Source/portable/GCC/ARM_CM4F/port.o
LOAD Middlewares/Third_Party/FreeRTOS/Source/portable/MemMang/heap_4.o
LOAD Src/freertos.o
LOAD Src/gpio.o
LOAD Src/i2c.o
LOAD Src/main.o
LOAD Src/stm32f4xx_hal_msp.o
LOAD Src/stm32f4xx_hal_timebase_TIM.o
LOAD Src/stm32f4xx_it.o
LOAD Src/system_stm32f4xx.o
LOAD Src/tim.o
LOAD Src/usart.o
LOAD startup/startup_stm32f407xx.o
LOAD d:/sw4stm32/plugins/fr.ac6.mcu.externaltools.arm-none.win32_1.15.0.201708311556/tools/compiler/bin/../lib/gcc/arm-none-eabi/6.3.1/../../../../arm-none-eabi/lib/thumb/v7e-m/fpv4-sp/hard\libm.a
START GROUP
LOAD d:/sw4stm32/plugins/fr.ac6.mcu.externaltools.arm-none.win32_1.15.0.201708311556/tools/compiler/bin/../lib/gcc/arm-none-eabi/6.3.1/thumb/v7e-m/fpv4-sp/hard\libgcc.a
LOAD d:/sw4stm32/plugins/fr.ac6.mcu.externaltools.arm-none.win32_1.15.0.201708311556/tools/compiler/bin/../lib/gcc/arm-none-eabi/6.3.1/../../../../arm-none-eabi/lib/thumb/v7e-m/fpv4-sp/hard\libc_nano.a
END GROUP
START GROUP
LOAD d:/sw4stm32/plugins/fr.ac6.mcu.externaltools.arm-none.win32_1.15.0.201708311556/tools/compiler/bin/../lib/gcc/arm-none-eabi/6.3.1/thumb/v7e-m/fpv4-sp/hard\libgcc.a
LOAD d:/sw4stm32/plugins/fr.ac6.mcu.externaltools.arm-none.win32_1.15.0.201708311556/tools/compiler/bin/../lib/gcc/arm-none-eabi/6.3.1/../../../../arm-none-eabi/lib/thumb/v7e-m/fpv4-sp/hard\libc_nano.a
LOAD d:/sw4stm32/plugins/fr.ac6.mcu.externaltools.arm-none.win32_1.15.0.201708311556/tools/compiler/bin/../lib/gcc/arm-none-eabi/6.3.1/../../../../arm-none-eabi/lib/thumb/v7e-m/fpv4-sp/hard\libnosys.a
END GROUP
START GROUP
LOAD d:/sw4stm32/plugins/fr.ac6.mcu.externaltools.arm-none.win32_1.15.0.201708311556/tools/compiler/bin/../lib/gcc/arm-none-eabi/6.3.1/thumb/v7e-m/fpv4-sp/hard\libgcc.a
LOAD d:/sw4stm32/plugins/fr.ac6.mcu.externaltools.arm-none.win32_1.15.0.201708311556/tools/compiler/bin/../lib/gcc/arm-none-eabi/6.3.1/../../../../arm-none-eabi/lib/thumb/v7e-m/fpv4-sp/hard\libc_nano.a
LOAD d:/sw4stm32/plugins/fr.ac6.mcu.externaltools.arm-none.win32_1.15.0.201708311556/tools/compiler/bin/../lib/gcc/arm-none-eabi/6.3.1/../../../../arm-none-eabi/lib/thumb/v7e-m/fpv4-sp/hard\libnosys.a
END GROUP
LOAD d:/sw4stm32/plugins/fr.ac6.mcu.externaltools.arm-none.win32_1.15.0.201708311556/tools/compiler/bin/../lib/gcc/arm-none-eabi/6.3.1/thumb/v7e-m/fpv4-sp/hard/crtend.o
LOAD d:/sw4stm32/plugins/fr.ac6.mcu.externaltools.arm-none.win32_1.15.0.201708311556/tools/compiler/bin/../lib/gcc/arm-none-eabi/6.3.1/thumb/v7e-m/fpv4-sp/hard/crtn.o
                0x20020000                _estack = 0x20020000
                0x00000200                _Min_Heap_Size = 0x200
                0x00000400                _Min_Stack_Size = 0x400

.isr_vector     0x08000000      0x188
                0x08000000                . = ALIGN (0x4)
 *(.isr_vector)
 .isr_vector    0x08000000      0x188 startup/startup_stm32f407xx.o
                0x08000000                g_pfnVectors
                0x08000188                . = ALIGN (0x4)

.text           0x08000190     0x2f08
                0x08000190                . = ALIGN (0x4)
 *(.text)
 .text          0x08000190       0x6c d:/sw4stm32/plugins/fr.ac6.mcu.externaltools.arm-none.win32_1.15.0.201708311556/tools/compiler/bin/../lib/gcc/arm-none-eabi/6.3.1/thumb/v7e-m/fpv4-sp/hard/crtbegin.o
 .text          0x080001fc       0x30 d:/sw4stm32/plugins/fr.ac6.mcu.externaltools.arm-none.win32_1.15.0.201708311556/tools/compiler/bin/../lib/gcc/arm-none-eabi/6.3.1/thumb/v7e-m/fpv4-sp/hard\libgcc.a(_aeabi_uldivmod.o)
                0x080001fc                __aeabi_uldivmod
 .text          0x0800022c      0x2dc d:/sw4stm32/plugins/fr.ac6.mcu.externaltools.arm-none.win32_1.15.0.201708311556/tools/compiler/bin/../lib/gcc/arm-none-eabi/6.3.1/thumb/v7e-m/fpv4-sp/hard\libgcc.a(_udivmoddi4.o)
                0x0800022c                __udivmoddi4
 .text          0x08000508        0x4 d:/sw4stm32/plugins/fr.ac6.mcu.externaltools.arm-none.win32_1.15.0.201708311556/tools/compiler/bin/../lib/gcc/arm-none-eabi/6.3.1/thumb/v7e-m/fpv4-sp/hard\libgcc.a(_dvmd_tls.o)
                0x08000508                __aeabi_idiv0
                0x08000508                __aeabi_ldiv0
 *(.text*)
 .text.HAL_Init
                0x0800050c       0x34 Drivers/STM32F4xx_HAL_Driver/Src/stm32f4xx_hal.o
                0x0800050c                HAL_Init
 .text.HAL_IncTick
                0x08000540       0x18 Drivers/STM32F4xx_HAL_Driver/Src/stm32f4xx_hal.o
                0x08000540                HAL_IncTick
 .text.HAL_GetTick
                0x08000558        0xc Drivers/STM32F4xx_HAL_Driver/Src/stm32f4xx_hal.o
                0x08000558                HAL_GetTick
 .text.HAL_NVIC_SetPriorityGrouping
                0x08000564       0x24 Drivers/STM32F4xx_HAL_Driver/Src/stm32f4xx_hal_cortex.o
                0x08000564                HAL_NVIC_SetPriorityGrouping
 .text.HAL_NVIC_SetPriority
                0x08000588       0x64 Drivers/STM32F4xx_HAL_Driver/Src/stm32f4xx_hal_cortex.o
                0x08000588                HAL_NVIC_SetPriority
 .text.HAL_NVIC_EnableIRQ
                0x080005ec       0x18 Drivers/STM32F4xx_HAL_Driver/Src/stm32f4xx_hal_cortex.o
                0x080005ec                HAL_NVIC_EnableIRQ
 .text.HAL_SYSTICK_Config
                0x08000604       0x2c Drivers/STM32F4xx_HAL_Driver/Src/stm32f4xx_hal_cortex.o
                0x08000604                HAL_SYSTICK_Config
 .text.HAL_SYSTICK_CLKSourceConfig
                0x08000630       0x20 Drivers/STM32F4xx_HAL_Driver/Src/stm32f4xx_hal_cortex.o
                0x08000630                HAL_SYSTICK_CLKSourceConfig
 .text.HAL_GPIO_Init
                0x08000650      0x1cc Drivers/STM32F4xx_HAL_Driver/Src/stm32f4xx_hal_gpio.o
                0x08000650                HAL_GPIO_Init
 .text.HAL_GPIO_WritePin
                0x0800081c        0xc Drivers/STM32F4xx_HAL_Driver/Src/stm32f4xx_hal_gpio.o
                0x0800081c                HAL_GPIO_WritePin
 .text.HAL_I2C_Init
                0x08000828      0x11c Drivers/STM32F4xx_HAL_Driver/Src/stm32f4xx_hal_i2c.o
                0x08000828                HAL_I2C_Init
 .text.HAL_RCC_OscConfig
                0x08000944      0x398 Drivers/STM32F4xx_HAL_Driver/Src/stm32f4xx_hal_rcc.o
                0x08000944                HAL_RCC_OscConfig
 .text.HAL_RCC_GetSysClockFreq
                0x08000cdc       0xd4 Drivers/STM32F4xx_HAL_Driver/Src/stm32f4xx_hal_rcc.o
                0x08000cdc                HAL_RCC_GetSysClockFreq
 .text.HAL_RCC_ClockConfig
                0x08000db0      0x158 Drivers/STM32F4xx_HAL_Driver/Src/stm32f4xx_hal_rcc.o
                0x08000db0                HAL_RCC_ClockConfig
 .text.HAL_RCC_GetHCLKFreq
                0x08000f08        0xc Drivers/STM32F4xx_HAL_Driver/Src/stm32f4xx_hal_rcc.o
                0x08000f08                HAL_RCC_GetHCLKFreq
 .text.HAL_RCC_GetPCLK1Freq
                0x08000f14       0x20 Drivers/STM32F4xx_HAL_Driver/Src/stm32f4xx_hal_rcc.o
                0x08000f14                HAL_RCC_GetPCLK1Freq
 .text.HAL_RCC_GetPCLK2Freq
                0x08000f34       0x20 Drivers/STM32F4xx_HAL_Driver/Src/stm32f4xx_hal_rcc.o
                0x08000f34                HAL_RCC_GetPCLK2Freq
 .text.HAL_RCC_GetClockConfig
                0x08000f54       0x3c Drivers/STM32F4xx_HAL_Driver/Src/stm32f4xx_hal_rcc.o
                0x08000f54                HAL_RCC_GetClockConfig
 .text.TIM_OC1_SetConfig
                0x08000f90       0x64 Drivers/STM32F4xx_HAL_Driver/Src/stm32f4xx_hal_tim.o
 .text.TIM_OC3_SetConfig
                0x08000ff4       0x6c Drivers/STM32F4xx_HAL_Driver/Src/stm32f4xx_hal_tim.o
 .text.TIM_OC4_SetConfig
                0x08001060       0x5c Drivers/STM32F4xx_HAL_Driver/Src/stm32f4xx_hal_tim.o
 .text.HAL_TIM_Base_MspInit
                0x080010bc        0x2 Drivers/STM32F4xx_HAL_Driver/Src/stm32f4xx_hal_tim.o
                0x080010bc                HAL_TIM_Base_MspInit
 .text.HAL_TIM_Base_Start_IT
                0x080010be       0x18 Drivers/STM32F4xx_HAL_Driver/Src/stm32f4xx_hal_tim.o
                0x080010be                HAL_TIM_Base_Start_IT
 .text.HAL_TIM_OC_DelayElapsedCallback
                0x080010d6        0x2 Drivers/STM32F4xx_HAL_Driver/Src/stm32f4xx_hal_tim.o
                0x080010d6                HAL_TIM_OC_DelayElapsedCallback
 .text.HAL_TIM_IC_CaptureCallback
                0x080010d8        0x2 Drivers/STM32F4xx_HAL_Driver/Src/stm32f4xx_hal_tim.o
                0x080010d8                HAL_TIM_IC_CaptureCallback
 .text.HAL_TIM_PWM_PulseFinishedCallback
                0x080010da        0x2 Drivers/STM32F4xx_HAL_Driver/Src/stm32f4xx_hal_tim.o
                0x080010da                HAL_TIM_PWM_PulseFinishedCallback
 .text.HAL_TIM_TriggerCallback
                0x080010dc        0x2 Drivers/STM32F4xx_HAL_Driver/Src/stm32f4xx_hal_tim.o
                0x080010dc                HAL_TIM_TriggerCallback
 .text.HAL_TIM_IRQHandler
                0x080010de      0x17a Drivers/STM32F4xx_HAL_Driver/Src/stm32f4xx_hal_tim.o
                0x080010de                HAL_TIM_IRQHandler
 .text.TIM_Base_SetConfig
                0x08001258      0x11c Drivers/STM32F4xx_HAL_Driver/Src/stm32f4xx_hal_tim.o
                0x08001258                TIM_Base_SetConfig
 .text.HAL_TIM_Base_Init
                0x08001374       0x32 Drivers/STM32F4xx_HAL_Driver/Src/stm32f4xx_hal_tim.o
                0x08001374                HAL_TIM_Base_Init
 .text.HAL_TIM_PWM_Init
                0x080013a6       0x32 Drivers/STM32F4xx_HAL_Driver/Src/stm32f4xx_hal_tim.o
                0x080013a6                HAL_TIM_PWM_Init
 .text.TIM_OC2_SetConfig
                0x080013d8       0x70 Drivers/STM32F4xx_HAL_Driver/Src/stm32f4xx_hal_tim.o
                0x080013d8                TIM_OC2_SetConfig
 .text.HAL_TIM_PWM_ConfigChannel
                0x08001448       0xdc Drivers/STM32F4xx_HAL_Driver/Src/stm32f4xx_hal_tim.o
                0x08001448                HAL_TIM_PWM_ConfigChannel
 .text.TIM_CCxChannelCmd
                0x08001524       0x1e Drivers/STM32F4xx_HAL_Driver/Src/stm32f4xx_hal_tim.o
                0x08001524                TIM_CCxChannelCmd
 *fill*         0x08001542        0x2 
 .text.HAL_TIM_PWM_Start
                0x08001544       0x44 Drivers/STM32F4xx_HAL_Driver/Src/stm32f4xx_hal_tim.o
                0x08001544                HAL_TIM_PWM_Start
 .text.HAL_TIMEx_MasterConfigSynchronization
                0x08001588       0x52 Drivers/STM32F4xx_HAL_Driver/Src/stm32f4xx_hal_tim_ex.o
                0x08001588                HAL_TIMEx_MasterConfigSynchronization
 .text.HAL_TIMEx_CommutationCallback
                0x080015da        0x2 Drivers/STM32F4xx_HAL_Driver/Src/stm32f4xx_hal_tim_ex.o
                0x080015da                HAL_TIMEx_CommutationCallback
 .text.HAL_TIMEx_BreakCallback
                0x080015dc        0x2 Drivers/STM32F4xx_HAL_Driver/Src/stm32f4xx_hal_tim_ex.o
                0x080015dc                HAL_TIMEx_BreakCallback
 *fill*         0x080015de        0x2 
 .text.UART_SetConfig
                0x080015e0      0x344 Drivers/STM32F4xx_HAL_Driver/Src/stm32f4xx_hal_uart.o
 .text.HAL_UART_Init
                0x08001924       0x5e Drivers/STM32F4xx_HAL_Driver/Src/stm32f4xx_hal_uart.o
                0x08001924                HAL_UART_Init
 .text.HAL_UART_Receive_IT
                0x08001982       0x52 Drivers/STM32F4xx_HAL_Driver/Src/stm32f4xx_hal_uart.o
                0x08001982                HAL_UART_Receive_IT
 .text.makeFreeRtosPriority
                0x080019d4        0xc Middlewares/Third_Party/FreeRTOS/Source/CMSIS_RTOS/cmsis_os.o
 .text.osKernelStart
                0x080019e0        0xa Middlewares/Third_Party/FreeRTOS/Source/CMSIS_RTOS/cmsis_os.o
                0x080019e0                osKernelStart
 .text.osThreadCreate
                0x080019ea       0x34 Middlewares/Third_Party/FreeRTOS/Source/CMSIS_RTOS/cmsis_os.o
                0x080019ea                osThreadCreate
 .text.osDelay  0x08001a1e       0x12 Middlewares/Third_Party/FreeRTOS/Source/CMSIS_RTOS/cmsis_os.o
                0x08001a1e                osDelay
 .text.osSystickHandler
                0x08001a30       0x10 Middlewares/Third_Party/FreeRTOS/Source/CMSIS_RTOS/cmsis_os.o
                0x08001a30                osSystickHandler
 .text.vListInitialise
                0x08001a40       0x16 Middlewares/Third_Party/FreeRTOS/Source/list.o
                0x08001a40                vListInitialise
 .text.vListInitialiseItem
                0x08001a56        0x6 Middlewares/Third_Party/FreeRTOS/Source/list.o
                0x08001a56                vListInitialiseItem
 .text.vListInsertEnd
                0x08001a5c       0x18 Middlewares/Third_Party/FreeRTOS/Source/list.o
                0x08001a5c                vListInsertEnd
 .text.vListInsert
                0x08001a74       0x34 Middlewares/Third_Party/FreeRTOS/Source/list.o
                0x08001a74                vListInsert
 .text.uxListRemove
                0x08001aa8       0x26 Middlewares/Third_Party/FreeRTOS/Source/list.o
                0x08001aa8                uxListRemove
 *fill*         0x08001ace        0x2 
 .text.prvResetNextTaskUnblockTime
                0x08001ad0       0x2c Middlewares/Third_Party/FreeRTOS/Source/tasks.o
 .text.prvDeleteTCB
                0x08001afc       0x12 Middlewares/Third_Party/FreeRTOS/Source/tasks.o
 .text.prvInitialiseNewTask
                0x08001b0e       0x80 Middlewares/Third_Party/FreeRTOS/Source/tasks.o
 *fill*         0x08001b8e        0x2 
 .text.prvInitialiseTaskLists
                0x08001b90       0x58 Middlewares/Third_Party/FreeRTOS/Source/tasks.o
 .text.prvAddNewTaskToReadyList
                0x08001be8       0xac Middlewares/Third_Party/FreeRTOS/Source/tasks.o
 .text.prvAddCurrentTaskToDelayedList
                0x08001c94       0x88 Middlewares/Third_Party/FreeRTOS/Source/tasks.o
 .text.xTaskCreate
                0x08001d1c       0x62 Middlewares/Third_Party/FreeRTOS/Source/tasks.o
                0x08001d1c                xTaskCreate
 *fill*         0x08001d7e        0x2 
 .text.vTaskStartScheduler
                0x08001d80       0x74 Middlewares/Third_Party/FreeRTOS/Source/tasks.o
                0x08001d80                vTaskStartScheduler
 .text.vTaskSuspendAll
                0x08001df4       0x14 Middlewares/Third_Party/FreeRTOS/Source/tasks.o
                0x08001df4                vTaskSuspendAll
 .text.xTaskIncrementTick
                0x08001e08      0x114 Middlewares/Third_Party/FreeRTOS/Source/tasks.o
                0x08001e08                xTaskIncrementTick
 .text.xTaskResumeAll
                0x08001f1c       0xf4 Middlewares/Third_Party/FreeRTOS/Source/tasks.o
                0x08001f1c                xTaskResumeAll
 .text.vTaskDelay
                0x08002010       0x50 Middlewares/Third_Party/FreeRTOS/Source/tasks.o
                0x08002010                vTaskDelay
 .text.prvCheckTasksWaitingTermination
                0x08002060       0x54 Middlewares/Third_Party/FreeRTOS/Source/tasks.o
 .text.prvIdleTask
                0x080020b4       0x28 Middlewares/Third_Party/FreeRTOS/Source/tasks.o
 .text.vTaskSwitchContext
                0x080020dc       0x90 Middlewares/Third_Party/FreeRTOS/Source/tasks.o
                0x080020dc                vTaskSwitchContext
 .text.xTaskGetSchedulerState
                0x0800216c       0x20 Middlewares/Third_Party/FreeRTOS/Source/tasks.o
                0x0800216c                xTaskGetSchedulerState
 .text.prvTaskExitError
                0x0800218c       0x34 Middlewares/Third_Party/FreeRTOS/Source/portable/GCC/ARM_CM4F/port.o
 .text.prvPortStartFirstTask
                0x080021c0       0x20 Middlewares/Third_Party/FreeRTOS/Source/portable/GCC/ARM_CM4F/port.o
 .text.vPortEnableVFP
                0x080021e0       0x14 Middlewares/Third_Party/FreeRTOS/Source/portable/GCC/ARM_CM4F/port.o
 .text.pxPortInitialiseStack
                0x080021f4       0x2c Middlewares/Third_Party/FreeRTOS/Source/portable/GCC/ARM_CM4F/port.o
                0x080021f4                pxPortInitialiseStack
 .text.SVC_Handler
                0x08002220       0x24 Middlewares/Third_Party/FreeRTOS/Source/portable/GCC/ARM_CM4F/port.o
                0x08002220                SVC_Handler
 .text.vPortEnterCritical
                0x08002244       0x44 Middlewares/Third_Party/FreeRTOS/Source/portable/GCC/ARM_CM4F/port.o
                0x08002244                vPortEnterCritical
 .text.vPortExitCritical
                0x08002288       0x2c Middlewares/Third_Party/FreeRTOS/Source/portable/GCC/ARM_CM4F/port.o
                0x08002288                vPortExitCritical
 *fill*         0x080022b4        0xc 
 .text.PendSV_Handler
                0x080022c0       0x64 Middlewares/Third_Party/FreeRTOS/Source/portable/GCC/ARM_CM4F/port.o
                0x080022c0                PendSV_Handler
 .text.xPortSysTickHandler
                0x08002324       0x2c Middlewares/Third_Party/FreeRTOS/Source/portable/GCC/ARM_CM4F/port.o
                0x08002324                xPortSysTickHandler
 .text.vPortSetupTimerInterrupt
                0x08002350       0x2c Middlewares/Third_Party/FreeRTOS/Source/portable/GCC/ARM_CM4F/port.o
                0x08002350                vPortSetupTimerInterrupt
 .text.xPortStartScheduler
                0x0800237c       0xe8 Middlewares/Third_Party/FreeRTOS/Source/portable/GCC/ARM_CM4F/port.o
                0x0800237c                xPortStartScheduler
 .text.prvHeapInit
                0x08002464       0x58 Middlewares/Third_Party/FreeRTOS/Source/portable/MemMang/heap_4.o
 .text.prvInsertBlockIntoFreeList
                0x080024bc       0x58 Middlewares/Third_Party/FreeRTOS/Source/portable/MemMang/heap_4.o
 .text.pvPortMalloc
                0x08002514      0x10c Middlewares/Third_Party/FreeRTOS/Source/portable/MemMang/heap_4.o
                0x08002514                pvPortMalloc
 .text.vPortFree
                0x08002620       0x70 Middlewares/Third_Party/FreeRTOS/Source/portable/MemMang/heap_4.o
                0x08002620                vPortFree
 .text.Function_LED
                0x08002690      0x108 Src/freertos.o
                0x08002690                Function_LED
 .text.Function_PWM
                0x08002798       0x68 Src/freertos.o
                0x08002798                Function_PWM
 .text.Function_USART
                0x08002800      0x1c0 Src/freertos.o
                0x08002800                Function_USART
 .text.MX_FREERTOS_Init
                0x080029c0       0x64 Src/freertos.o
                0x080029c0                MX_FREERTOS_Init
 .text.MX_GPIO_Init
                0x08002a24       0x9c Src/gpio.o
                0x08002a24                MX_GPIO_Init
 .text.MX_I2C1_Init
                0x08002ac0       0x44 Src/i2c.o
                0x08002ac0                MX_I2C1_Init
 .text.HAL_I2C_MspInit
                0x08002b04       0x58 Src/i2c.o
                0x08002b04                HAL_I2C_MspInit
 .text.HAL_TIM_PeriodElapsedCallback
                0x08002b5c       0x18 Src/main.o
                0x08002b5c                HAL_TIM_PeriodElapsedCallback
 .text._Error_Handler
                0x08002b74        0x2 Src/main.o
                0x08002b74                _Error_Handler
 *fill*         0x08002b76        0x2 
 .text.SystemClock_Config
                0x08002b78       0xc8 Src/main.o
                0x08002b78                SystemClock_Config
 .text.main     0x08002c40       0x28 Src/main.o
                0x08002c40                main
 .text.HAL_MspInit
                0x08002c68       0x5e Src/stm32f4xx_hal_msp.o
                0x08002c68                HAL_MspInit
 *fill*         0x08002cc6        0x2 
 .text.HAL_InitTick
                0x08002cc8       0x7c Src/stm32f4xx_hal_timebase_TIM.o
                0x08002cc8                HAL_InitTick
 .text.NMI_Handler
                0x08002d44        0x2 Src/stm32f4xx_it.o
                0x08002d44                NMI_Handler
 .text.HardFault_Handler
                0x08002d46        0x2 Src/stm32f4xx_it.o
                0x08002d46                HardFault_Handler
 .text.MemManage_Handler
                0x08002d48        0x2 Src/stm32f4xx_it.o
                0x08002d48                MemManage_Handler
 .text.BusFault_Handler
                0x08002d4a        0x2 Src/stm32f4xx_it.o
                0x08002d4a                BusFault_Handler
 .text.UsageFault_Handler
                0x08002d4c        0x2 Src/stm32f4xx_it.o
                0x08002d4c                UsageFault_Handler
 .text.DebugMon_Handler
                0x08002d4e        0x2 Src/stm32f4xx_it.o
                0x08002d4e                DebugMon_Handler
 .text.SysTick_Handler
                0x08002d50        0x8 Src/stm32f4xx_it.o
                0x08002d50                SysTick_Handler
 .text.TIM4_IRQHandler
                0x08002d58       0x10 Src/stm32f4xx_it.o
                0x08002d58                TIM4_IRQHandler
 .text.SystemInit
                0x08002d68       0x4c Src/system_stm32f4xx.o
                0x08002d68                SystemInit
 .text.HAL_TIM_PWM_MspInit
                0x08002db4       0x2c Src/tim.o
                0x08002db4                HAL_TIM_PWM_MspInit
 .text.HAL_TIM_MspPostInit
                0x08002de0       0x4c Src/tim.o
                0x08002de0                HAL_TIM_MspPostInit
 .text.MX_TIM2_Init
                0x08002e2c       0xa8 Src/tim.o
                0x08002e2c                MX_TIM2_Init
 .text.MX_USART1_UART_Init
                0x08002ed4       0x3c Src/usart.o
                0x08002ed4                MX_USART1_UART_Init
 .text.MX_USART2_UART_Init
                0x08002f10       0x3c Src/usart.o
                0x08002f10                MX_USART2_UART_Init
 .text.HAL_UART_MspInit
                0x08002f4c       0x98 Src/usart.o
                0x08002f4c                HAL_UART_MspInit
 .text.Reset_Handler
                0x08002fe4       0x50 startup/startup_stm32f407xx.o
                0x08002fe4                Reset_Handler
 .text.Default_Handler
                0x08003034        0x2 startup/startup_stm32f407xx.o
                0x08003034                RTC_Alarm_IRQHandler
                0x08003034                HASH_RNG_IRQHandler
                0x08003034                EXTI2_IRQHandler
                0x08003034                TIM8_CC_IRQHandler
                0x08003034                TIM1_CC_IRQHandler
                0x08003034                DMA2_Stream5_IRQHandler
                0x08003034                DMA1_Stream5_IRQHandler
                0x08003034                PVD_IRQHandler
                0x08003034                SDIO_IRQHandler
                0x08003034                TAMP_STAMP_IRQHandler
                0x08003034                CAN2_RX1_IRQHandler
                0x08003034                EXTI3_IRQHandler
                0x08003034                TIM8_TRG_COM_TIM14_IRQHandler
                0x08003034                TIM1_UP_TIM10_IRQHandler
                0x08003034                TIM8_UP_TIM13_IRQHandler
                0x08003034                I2C3_ER_IRQHandler
                0x08003034                EXTI0_IRQHandler
                0x08003034                I2C2_EV_IRQHandler
                0x08003034                DMA1_Stream2_IRQHandler
                0x08003034                CAN1_RX0_IRQHandler
                0x08003034                FPU_IRQHandler
                0x08003034                OTG_HS_WKUP_IRQHandler
                0x08003034                CAN2_SCE_IRQHandler
                0x08003034                DMA2_Stream2_IRQHandler
                0x08003034                SPI1_IRQHandler
                0x08003034                TIM6_DAC_IRQHandler
                0x08003034                TIM1_BRK_TIM9_IRQHandler
                0x08003034                DCMI_IRQHandler
                0x08003034                CAN2_RX0_IRQHandler
                0x08003034                DMA2_Stream3_IRQHandler
                0x08003034                USART6_IRQHandler
                0x08003034                USART3_IRQHandler
                0x08003034                CAN1_RX1_IRQHandler
                0x08003034                UART5_IRQHandler
                0x08003034                DMA2_Stream0_IRQHandler
                0x08003034                I2C1_EV_IRQHandler
                0x08003034                DMA1_Stream6_IRQHandler
                0x08003034                DMA1_Stream1_IRQHandler
                0x08003034                UART4_IRQHandler
                0x08003034                TIM3_IRQHandler
                0x08003034                RCC_IRQHandler
                0x08003034                TIM8_BRK_TIM12_IRQHandler
                0x08003034                Default_Handler
                0x08003034                EXTI15_10_IRQHandler
                0x08003034                ADC_IRQHandler
                0x08003034                DMA1_Stream7_IRQHandler
                0x08003034                TIM7_IRQHandler
                0x08003034                CAN2_TX_IRQHandler
                0x08003034                TIM5_IRQHandler
                0x08003034                DMA2_Stream7_IRQHandler
                0x08003034                I2C3_EV_IRQHandler
                0x08003034                EXTI9_5_IRQHandler
                0x08003034                RTC_WKUP_IRQHandler
                0x08003034                ETH_WKUP_IRQHandler
                0x08003034                SPI2_IRQHandler
                0x08003034                OTG_HS_EP1_IN_IRQHandler
                0x08003034                DMA1_Stream0_IRQHandler
                0x08003034                CAN1_TX_IRQHandler
                0x08003034                EXTI4_IRQHandler
                0x08003034                FSMC_IRQHandler
                0x08003034                ETH_IRQHandler
                0x08003034                OTG_HS_EP1_OUT_IRQHandler
                0x08003034                WWDG_IRQHandler
                0x08003034                TIM2_IRQHandler
                0x08003034                OTG_FS_WKUP_IRQHandler
                0x08003034                TIM1_TRG_COM_TIM11_IRQHandler
                0x08003034                OTG_HS_IRQHandler
                0x08003034                EXTI1_IRQHandler
                0x08003034                USART2_IRQHandler
                0x08003034                I2C2_ER_IRQHandler
                0x08003034                DMA2_Stream1_IRQHandler
                0x08003034                CAN1_SCE_IRQHandler
                0x08003034                FLASH_IRQHandler
                0x08003034                DMA2_Stream4_IRQHandler
                0x08003034                USART1_IRQHandler
                0x08003034                OTG_FS_IRQHandler
                0x08003034                SPI3_IRQHandler
                0x08003034                DMA1_Stream4_IRQHandler
                0x08003034                I2C1_ER_IRQHandler
                0x08003034                DMA2_Stream6_IRQHandler
                0x08003034                DMA1_Stream3_IRQHandler
 *fill*         0x08003036        0x2 
 .text.__libc_init_array
                0x08003038       0x48 d:/sw4stm32/plugins/fr.ac6.mcu.externaltools.arm-none.win32_1.15.0.201708311556/tools/compiler/bin/../lib/gcc/arm-none-eabi/6.3.1/../../../../arm-none-eabi/lib/thumb/v7e-m/fpv4-sp/hard\libc_nano.a(lib_a-init.o)
                0x08003038                __libc_init_array
 *(.glue_7)
 .glue_7        0x08003080        0x0 linker stubs
 *(.glue_7t)
 .glue_7t       0x08003080        0x0 linker stubs
 *(.eh_frame)
 .eh_frame      0x08003080        0x0 d:/sw4stm32/plugins/fr.ac6.mcu.externaltools.arm-none.win32_1.15.0.201708311556/tools/compiler/bin/../lib/gcc/arm-none-eabi/6.3.1/thumb/v7e-m/fpv4-sp/hard/crtbegin.o
 *(.init)
 .init          0x08003080        0x4 d:/sw4stm32/plugins/fr.ac6.mcu.externaltools.arm-none.win32_1.15.0.201708311556/tools/compiler/bin/../lib/gcc/arm-none-eabi/6.3.1/thumb/v7e-m/fpv4-sp/hard/crti.o
                0x08003080                _init
 .init          0x08003084        0x8 d:/sw4stm32/plugins/fr.ac6.mcu.externaltools.arm-none.win32_1.15.0.201708311556/tools/compiler/bin/../lib/gcc/arm-none-eabi/6.3.1/thumb/v7e-m/fpv4-sp/hard/crtn.o
 *(.fini)
 .fini          0x0800308c        0x4 d:/sw4stm32/plugins/fr.ac6.mcu.externaltools.arm-none.win32_1.15.0.201708311556/tools/compiler/bin/../lib/gcc/arm-none-eabi/6.3.1/thumb/v7e-m/fpv4-sp/hard/crti.o
                0x0800308c                _fini
 .fini          0x08003090        0x8 d:/sw4stm32/plugins/fr.ac6.mcu.externaltools.arm-none.win32_1.15.0.201708311556/tools/compiler/bin/../lib/gcc/arm-none-eabi/6.3.1/thumb/v7e-m/fpv4-sp/hard/crtn.o
                0x08003098                . = ALIGN (0x4)
                0x08003098                _etext = .

.vfp11_veneer   0x08003098        0x0
 .vfp11_veneer  0x08003098        0x0 linker stubs

.v4_bx          0x08003098        0x0
 .v4_bx         0x08003098        0x0 linker stubs

.iplt           0x08003098        0x0
 .iplt          0x08003098        0x0 d:/sw4stm32/plugins/fr.ac6.mcu.externaltools.arm-none.win32_1.15.0.201708311556/tools/compiler/bin/../lib/gcc/arm-none-eabi/6.3.1/thumb/v7e-m/fpv4-sp/hard/crtbegin.o

.rodata         0x08003098       0xc0
                0x08003098                . = ALIGN (0x4)
 *(.rodata)
 .rodata        0x08003098       0x3c Src/freertos.o
 .rodata        0x080030d4       0x18 Src/system_stm32f4xx.o
                0x080030d4                AHBPrescTable
                0x080030e4                APBPrescTable
 *(.rodata*)
 .rodata.str1.4
                0x080030ec        0x5 Middlewares/Third_Party/FreeRTOS/Source/tasks.o
 *fill*         0x080030f1        0x3 
 .rodata.str1.4
                0x080030f4       0x21 Src/freertos.o
 *fill*         0x08003115        0x3 
 .rodata.str1.4
                0x08003118        0xd Src/i2c.o
 *fill*         0x08003125        0x3 
 .rodata.str1.4
                0x08003128        0xe Src/main.o
 *fill*         0x08003136        0x2 
 .rodata.str1.4
                0x08003138        0xd Src/tim.o
 *fill*         0x08003145        0x3 
 .rodata.str1.4
                0x08003148       0x10 Src/usart.o
                                  0xf (size before relaxing)
                0x08003158                . = ALIGN (0x4)

.ARM.extab
 *(.ARM.extab* .gnu.linkonce.armextab.*)

.ARM            0x08003158        0x8
                0x08003158                __exidx_start = .
 *(.ARM.exidx*)
 .ARM.exidx     0x08003158        0x8 d:/sw4stm32/plugins/fr.ac6.mcu.externaltools.arm-none.win32_1.15.0.201708311556/tools/compiler/bin/../lib/gcc/arm-none-eabi/6.3.1/thumb/v7e-m/fpv4-sp/hard\libgcc.a(_udivmoddi4.o)
                0x08003160                __exidx_end = .

.rel.dyn        0x08003160        0x0
 .rel.iplt      0x08003160        0x0 d:/sw4stm32/plugins/fr.ac6.mcu.externaltools.arm-none.win32_1.15.0.201708311556/tools/compiler/bin/../lib/gcc/arm-none-eabi/6.3.1/thumb/v7e-m/fpv4-sp/hard/crtbegin.o

.preinit_array  0x08003160        0x0
                0x08003160                PROVIDE (__preinit_array_start, .)
 *(.preinit_array*)
                0x08003160                PROVIDE (__preinit_array_end, .)

.init_array     0x08003160        0x4
                0x08003160                PROVIDE (__init_array_start, .)
 *(SORT(.init_array.*))
 *(.init_array*)
 .init_array    0x08003160        0x4 d:/sw4stm32/plugins/fr.ac6.mcu.externaltools.arm-none.win32_1.15.0.201708311556/tools/compiler/bin/../lib/gcc/arm-none-eabi/6.3.1/thumb/v7e-m/fpv4-sp/hard/crtbegin.o
                0x08003164                PROVIDE (__init_array_end, .)

.fini_array     0x08003164        0x4
                [!provide]                PROVIDE (__fini_array_start, .)
 *(SORT(.fini_array.*))
 *(.fini_array*)
 .fini_array    0x08003164        0x4 d:/sw4stm32/plugins/fr.ac6.mcu.externaltools.arm-none.win32_1.15.0.201708311556/tools/compiler/bin/../lib/gcc/arm-none-eabi/6.3.1/thumb/v7e-m/fpv4-sp/hard/crtbegin.o
                [!provide]                PROVIDE (__fini_array_end, .)
                0x08003168                _sidata = LOADADDR (.data)

.data           0x20000000       0x10 load address 0x08003168
                0x20000000                . = ALIGN (0x4)
                0x20000000                _sdata = .
 *(.data)
 .data          0x20000000        0x8 Drivers/STM32F4xx_HAL_Driver/Src/stm32f4xx_hal.o
                0x20000000                uwTickFreq
                0x20000004                uwTickPrio
 .data          0x20000008        0x4 Middlewares/Third_Party/FreeRTOS/Source/portable/GCC/ARM_CM4F/port.o
 .data          0x2000000c        0x4 Src/system_stm32f4xx.o
                0x2000000c                SystemCoreClock
 *(.data*)
                0x20000010                . = ALIGN (0x4)
                0x20000010                _edata = .
                0x08003178                _siccmram = LOADADDR (.ccmram)

.jcr            0x20000010        0x0 load address 0x08003178
 .jcr           0x20000010        0x0 d:/sw4stm32/plugins/fr.ac6.mcu.externaltools.arm-none.win32_1.15.0.201708311556/tools/compiler/bin/../lib/gcc/arm-none-eabi/6.3.1/thumb/v7e-m/fpv4-sp/hard/crtbegin.o

.igot.plt       0x20000010        0x0 load address 0x08003178
 .igot.plt      0x20000010        0x0 d:/sw4stm32/plugins/fr.ac6.mcu.externaltools.arm-none.win32_1.15.0.201708311556/tools/compiler/bin/../lib/gcc/arm-none-eabi/6.3.1/thumb/v7e-m/fpv4-sp/hard/crtbegin.o

.ccmram         0x10000000        0x0 load address 0x08003178
                0x10000000                . = ALIGN (0x4)
                0x10000000                _sccmram = .
 *(.ccmram)
 *(.ccmram*)
                0x10000000                . = ALIGN (0x4)
                0x10000000                _eccmram = .
                0x10000000                . = ALIGN (0x4)

.bss            0x20000010     0x3f68
                0x20000010                _sbss = .
                0x20000010                __bss_start__ = _sbss
 *(.bss)
 .bss           0x20000010       0x1c d:/sw4stm32/plugins/fr.ac6.mcu.externaltools.arm-none.win32_1.15.0.201708311556/tools/compiler/bin/../lib/gcc/arm-none-eabi/6.3.1/thumb/v7e-m/fpv4-sp/hard/crtbegin.o
 .bss           0x2000002c      0x12c Middlewares/Third_Party/FreeRTOS/Source/tasks.o
                0x2000012c                pxCurrentTCB
 .bss           0x20000158        0x8 Middlewares/Third_Party/FreeRTOS/Source/portable/GCC/ARM_CM4F/port.o
 .bss           0x20000160     0x3c18 Middlewares/Third_Party/FreeRTOS/Source/portable/MemMang/heap_4.o
 *(.bss*)
 *(COMMON)
 COMMON         0x20003d78        0x4 Drivers/STM32F4xx_HAL_Driver/Src/stm32f4xx_hal.o
                0x20003d78                uwTick
 COMMON         0x20003d7c       0x4c Src/freertos.o
                0x20003d7c                Task_PWMHandle
                0x20003d80                Task_USARTHandle
                0x20003d84                Task_LEDHandle
                0x20003d88                _channels
 COMMON         0x20003dc8       0x54 Src/i2c.o
                0x20003dc8                hi2c1
 COMMON         0x20003e1c       0x3c Src/stm32f4xx_hal_timebase_TIM.o
                0x20003e1c                htim4
 COMMON         0x20003e58       0x64 Src/stm32f4xx_it.o
                0x20003e58                buffer
 COMMON         0x20003ebc       0x3c Src/tim.o
                0x20003ebc                htim2
 COMMON         0x20003ef8       0x80 Src/usart.o
                0x20003ef8                huart1
                0x20003f38                huart2
                0x20003f78                . = ALIGN (0x4)
                0x20003f78                _ebss = .
                0x20003f78                __bss_end__ = _ebss

._user_heap_stack
                0x20003f78      0x600
                0x20003f78                . = ALIGN (0x8)
                [!provide]                PROVIDE (end, .)
                [!provide]                PROVIDE (_end, .)
                0x20004178                . = (. + _Min_Heap_Size)
 *fill*         0x20003f78      0x200 
                0x20004578                . = (. + _Min_Stack_Size)
 *fill*         0x20004178      0x400 
                0x20004578                . = ALIGN (0x8)

/DISCARD/
 libc.a(*)
 libm.a(*)
 libgcc.a(*)

.ARM.attributes
                0x00000000       0x30
 *(.ARM.attributes)
 .ARM.attributes
                0x00000000       0x22 d:/sw4stm32/plugins/fr.ac6.mcu.externaltools.arm-none.win32_1.15.0.201708311556/tools/compiler/bin/../lib/gcc/arm-none-eabi/6.3.1/thumb/v7e-m/fpv4-sp/hard/crti.o
 .ARM.attributes
                0x00000022       0x34 d:/sw4stm32/plugins/fr.ac6.mcu.externaltools.arm-none.win32_1.15.0.201708311556/tools/compiler/bin/../lib/gcc/arm-none-eabi/6.3.1/thumb/v7e-m/fpv4-sp/hard/crtbegin.o
 .ARM.attributes
                0x00000056       0x39 Drivers/STM32F4xx_HAL_Driver/Src/stm32f4xx_hal.o
 .ARM.attributes
                0x0000008f       0x39 Drivers/STM32F4xx_HAL_Driver/Src/stm32f4xx_hal_cortex.o
 .ARM.attributes
                0x000000c8       0x39 Drivers/STM32F4xx_HAL_Driver/Src/stm32f4xx_hal_gpio.o
 .ARM.attributes
                0x00000101       0x39 Drivers/STM32F4xx_HAL_Driver/Src/stm32f4xx_hal_i2c.o
 .ARM.attributes
                0x0000013a       0x39 Drivers/STM32F4xx_HAL_Driver/Src/stm32f4xx_hal_rcc.o
 .ARM.attributes
                0x00000173       0x39 Drivers/STM32F4xx_HAL_Driver/Src/stm32f4xx_hal_tim.o
 .ARM.attributes
                0x000001ac       0x39 Drivers/STM32F4xx_HAL_Driver/Src/stm32f4xx_hal_tim_ex.o
 .ARM.attributes
                0x000001e5       0x39 Drivers/STM32F4xx_HAL_Driver/Src/stm32f4xx_hal_uart.o
 .ARM.attributes
                0x0000021e       0x39 Middlewares/Third_Party/FreeRTOS/Source/CMSIS_RTOS/cmsis_os.o
 .ARM.attributes
                0x00000257       0x39 Middlewares/Third_Party/FreeRTOS/Source/list.o
 .ARM.attributes
                0x00000290       0x39 Middlewares/Third_Party/FreeRTOS/Source/tasks.o
 .ARM.attributes
                0x000002c9       0x39 Middlewares/Third_Party/FreeRTOS/Source/portable/GCC/ARM_CM4F/port.o
 .ARM.attributes
                0x00000302       0x39 Middlewares/Third_Party/FreeRTOS/Source/portable/MemMang/heap_4.o
 .ARM.attributes
                0x0000033b       0x39 Src/freertos.o
 .ARM.attributes
                0x00000374       0x39 Src/gpio.o
 .ARM.attributes
                0x000003ad       0x39 Src/i2c.o
 .ARM.attributes
                0x000003e6       0x39 Src/main.o
 .ARM.attributes
                0x0000041f       0x39 Src/stm32f4xx_hal_msp.o
 .ARM.attributes
                0x00000458       0x39 Src/stm32f4xx_hal_timebase_TIM.o
 .ARM.attributes
                0x00000491       0x39 Src/stm32f4xx_it.o
 .ARM.attributes
                0x000004ca       0x39 Src/system_stm32f4xx.o
 .ARM.attributes
                0x00000503       0x39 Src/tim.o
 .ARM.attributes
                0x0000053c       0x39 Src/usart.o
 .ARM.attributes
                0x00000575       0x21 startup/startup_stm32f407xx.o
 .ARM.attributes
                0x00000596       0x22 d:/sw4stm32/plugins/fr.ac6.mcu.externaltools.arm-none.win32_1.15.0.201708311556/tools/compiler/bin/../lib/gcc/arm-none-eabi/6.3.1/thumb/v7e-m/fpv4-sp/hard\libgcc.a(_aeabi_uldivmod.o)
 .ARM.attributes
                0x000005b8       0x34 d:/sw4stm32/plugins/fr.ac6.mcu.externaltools.arm-none.win32_1.15.0.201708311556/tools/compiler/bin/../lib/gcc/arm-none-eabi/6.3.1/thumb/v7e-m/fpv4-sp/hard\libgcc.a(_udivmoddi4.o)
 .ARM.attributes
                0x000005ec       0x22 d:/sw4stm32/plugins/fr.ac6.mcu.externaltools.arm-none.win32_1.15.0.201708311556/tools/compiler/bin/../lib/gcc/arm-none-eabi/6.3.1/thumb/v7e-m/fpv4-sp/hard\libgcc.a(_dvmd_tls.o)
 .ARM.attributes
                0x0000060e       0x34 d:/sw4stm32/plugins/fr.ac6.mcu.externaltools.arm-none.win32_1.15.0.201708311556/tools/compiler/bin/../lib/gcc/arm-none-eabi/6.3.1/../../../../arm-none-eabi/lib/thumb/v7e-m/fpv4-sp/hard\libc_nano.a(lib_a-init.o)
 .ARM.attributes
                0x00000642       0x22 d:/sw4stm32/plugins/fr.ac6.mcu.externaltools.arm-none.win32_1.15.0.201708311556/tools/compiler/bin/../lib/gcc/arm-none-eabi/6.3.1/thumb/v7e-m/fpv4-sp/hard/crtn.o
OUTPUT(fly.elf elf32-littlearm)

.debug_info     0x00000000    0x2176a
 .debug_info    0x00000000     0x11dc Drivers/STM32F4xx_HAL_Driver/Src/stm32f4xx_hal.o
 .debug_info    0x000011dc     0x175a Drivers/STM32F4xx_HAL_Driver/Src/stm32f4xx_hal_cortex.o
 .debug_info    0x00002936      0xf97 Drivers/STM32F4xx_HAL_Driver/Src/stm32f4xx_hal_gpio.o
 .debug_info    0x000038cd     0x36e2 Drivers/STM32F4xx_HAL_Driver/Src/stm32f4xx_hal_i2c.o
 .debug_info    0x00006faf     0x125f Drivers/STM32F4xx_HAL_Driver/Src/stm32f4xx_hal_rcc.o
 .debug_info    0x0000820e     0x3684 Drivers/STM32F4xx_HAL_Driver/Src/stm32f4xx_hal_tim.o
 .debug_info    0x0000b892     0x1b26 Drivers/STM32F4xx_HAL_Driver/Src/stm32f4xx_hal_tim_ex.o
 .debug_info    0x0000d3b8     0x1f1d Drivers/STM32F4xx_HAL_Driver/Src/stm32f4xx_hal_uart.o
 .debug_info    0x0000f2d5     0x2377 Middlewares/Third_Party/FreeRTOS/Source/CMSIS_RTOS/cmsis_os.o
 .debug_info    0x0001164c      0xb56 Middlewares/Third_Party/FreeRTOS/Source/list.o
 .debug_info    0x000121a2     0x298e Middlewares/Third_Party/FreeRTOS/Source/tasks.o
 .debug_info    0x00014b30      0xdb4 Middlewares/Third_Party/FreeRTOS/Source/portable/GCC/ARM_CM4F/port.o
 .debug_info    0x000158e4      0xce4 Middlewares/Third_Party/FreeRTOS/Source/portable/MemMang/heap_4.o
 .debug_info    0x000165c8     0x1503 Src/freertos.o
 .debug_info    0x00017acb      0xd10 Src/gpio.o
 .debug_info    0x000187db     0x1228 Src/i2c.o
 .debug_info    0x00019a03     0x1a6b Src/main.o
 .debug_info    0x0001b46e      0xc75 Src/stm32f4xx_hal_msp.o
 .debug_info    0x0001c0e3     0x13d3 Src/stm32f4xx_hal_timebase_TIM.o
 .debug_info    0x0001d4b6      0xee3 Src/stm32f4xx_it.o
 .debug_info    0x0001e399      0xd30 Src/system_stm32f4xx.o
 .debug_info    0x0001f0c9     0x13f3 Src/tim.o
 .debug_info    0x000204bc     0x1249 Src/usart.o
 .debug_info    0x00021705       0x65 startup/startup_stm32f407xx.o

.debug_abbrev   0x00000000     0x3fb8
 .debug_abbrev  0x00000000      0x2e3 Drivers/STM32F4xx_HAL_Driver/Src/stm32f4xx_hal.o
 .debug_abbrev  0x000002e3      0x3d4 Drivers/STM32F4xx_HAL_Driver/Src/stm32f4xx_hal_cortex.o
 .debug_abbrev  0x000006b7      0x2a5 Drivers/STM32F4xx_HAL_Driver/Src/stm32f4xx_hal_gpio.o
 .debug_abbrev  0x0000095c      0x2f9 Drivers/STM32F4xx_HAL_Driver/Src/stm32f4xx_hal_i2c.o
 .debug_abbrev  0x00000c55      0x331 Drivers/STM32F4xx_HAL_Driver/Src/stm32f4xx_hal_rcc.o
 .debug_abbrev  0x00000f86      0x2dc Drivers/STM32F4xx_HAL_Driver/Src/stm32f4xx_hal_tim.o
 .debug_abbrev  0x00001262      0x2dc Drivers/STM32F4xx_HAL_Driver/Src/stm32f4xx_hal_tim_ex.o
 .debug_abbrev  0x0000153e      0x342 Drivers/STM32F4xx_HAL_Driver/Src/stm32f4xx_hal_uart.o
 .debug_abbrev  0x00001880      0x3d7 Middlewares/Third_Party/FreeRTOS/Source/CMSIS_RTOS/cmsis_os.o
 .debug_abbrev  0x00001c57      0x223 Middlewares/Third_Party/FreeRTOS/Source/list.o
 .debug_abbrev  0x00001e7a      0x3cd Middlewares/Third_Party/FreeRTOS/Source/tasks.o
 .debug_abbrev  0x00002247      0x325 Middlewares/Third_Party/FreeRTOS/Source/portable/GCC/ARM_CM4F/port.o
 .debug_abbrev  0x0000256c      0x31f Middlewares/Third_Party/FreeRTOS/Source/portable/MemMang/heap_4.o
 .debug_abbrev  0x0000288b      0x26c Src/freertos.o
 .debug_abbrev  0x00002af7      0x229 Src/gpio.o
 .debug_abbrev  0x00002d20      0x256 Src/i2c.o
 .debug_abbrev  0x00002f76      0x297 Src/main.o
 .debug_abbrev  0x0000320d      0x209 Src/stm32f4xx_hal_msp.o
 .debug_abbrev  0x00003416      0x295 Src/stm32f4xx_hal_timebase_TIM.o
 .debug_abbrev  0x000036ab      0x22e Src/stm32f4xx_it.o
 .debug_abbrev  0x000038d9      0x205 Src/system_stm32f4xx.o
 .debug_abbrev  0x00003ade      0x272 Src/tim.o
 .debug_abbrev  0x00003d50      0x256 Src/usart.o
 .debug_abbrev  0x00003fa6       0x12 startup/startup_stm32f407xx.o

.debug_loc      0x00000000     0xc4eb
 .debug_loc     0x00000000      0x108 Drivers/STM32F4xx_HAL_Driver/Src/stm32f4xx_hal.o
 .debug_loc     0x00000108      0x5ce Drivers/STM32F4xx_HAL_Driver/Src/stm32f4xx_hal_cortex.o
 .debug_loc     0x000006d6      0x3fd Drivers/STM32F4xx_HAL_Driver/Src/stm32f4xx_hal_gpio.o
 .debug_loc     0x00000ad3     0x3198 Drivers/STM32F4xx_HAL_Driver/Src/stm32f4xx_hal_i2c.o
 .debug_loc     0x00003c6b      0x3e6 Drivers/STM32F4xx_HAL_Driver/Src/stm32f4xx_hal_rcc.o
 .debug_loc     0x00004051     0x34bc Drivers/STM32F4xx_HAL_Driver/Src/stm32f4xx_hal_tim.o
 .debug_loc     0x0000750d      0xe78 Drivers/STM32F4xx_HAL_Driver/Src/stm32f4xx_hal_tim_ex.o
 .debug_loc     0x00008385     0x1532 Drivers/STM32F4xx_HAL_Driver/Src/stm32f4xx_hal_uart.o
 .debug_loc     0x000098b7      0xfe2 Middlewares/Third_Party/FreeRTOS/Source/CMSIS_RTOS/cmsis_os.o
 .debug_loc     0x0000a899       0x70 Middlewares/Third_Party/FreeRTOS/Source/list.o
 .debug_loc     0x0000a909     0x14e6 Middlewares/Third_Party/FreeRTOS/Source/tasks.o
 .debug_loc     0x0000bdef      0x104 Middlewares/Third_Party/FreeRTOS/Source/portable/GCC/ARM_CM4F/port.o
 .debug_loc     0x0000bef3      0x291 Middlewares/Third_Party/FreeRTOS/Source/portable/MemMang/heap_4.o
 .debug_loc     0x0000c184       0x63 Src/freertos.o
 .debug_loc     0x0000c1e7       0x5b Src/i2c.o
 .debug_loc     0x0000c242       0x3a Src/main.o
 .debug_loc     0x0000c27c       0x6a Src/stm32f4xx_hal_timebase_TIM.o
 .debug_loc     0x0000c2e6      0x13e Src/system_stm32f4xx.o
 .debug_loc     0x0000c424       0x21 Src/tim.o
 .debug_loc     0x0000c445       0xa6 Src/usart.o

.debug_aranges  0x00000000     0x11e8
 .debug_aranges
                0x00000000       0xe0 Drivers/STM32F4xx_HAL_Driver/Src/stm32f4xx_hal.o
 .debug_aranges
                0x000000e0       0xa8 Drivers/STM32F4xx_HAL_Driver/Src/stm32f4xx_hal_cortex.o
 .debug_aranges
                0x00000188       0x58 Drivers/STM32F4xx_HAL_Driver/Src/stm32f4xx_hal_gpio.o
 .debug_aranges
                0x000001e0      0x268 Drivers/STM32F4xx_HAL_Driver/Src/stm32f4xx_hal_i2c.o
 .debug_aranges
                0x00000448       0x88 Drivers/STM32F4xx_HAL_Driver/Src/stm32f4xx_hal_rcc.o
 .debug_aranges
                0x000004d0      0x368 Drivers/STM32F4xx_HAL_Driver/Src/stm32f4xx_hal_tim.o
 .debug_aranges
                0x00000838      0x140 Drivers/STM32F4xx_HAL_Driver/Src/stm32f4xx_hal_tim_ex.o
 .debug_aranges
                0x00000978      0x1d0 Drivers/STM32F4xx_HAL_Driver/Src/stm32f4xx_hal_uart.o
 .debug_aranges
                0x00000b48      0x1d8 Middlewares/Third_Party/FreeRTOS/Source/CMSIS_RTOS/cmsis_os.o
 .debug_aranges
                0x00000d20       0x40 Middlewares/Third_Party/FreeRTOS/Source/list.o
 .debug_aranges
                0x00000d60      0x190 Middlewares/Third_Party/FreeRTOS/Source/tasks.o
 .debug_aranges
                0x00000ef0       0x80 Middlewares/Third_Party/FreeRTOS/Source/portable/GCC/ARM_CM4F/port.o
 .debug_aranges
                0x00000f70       0x50 Middlewares/Third_Party/FreeRTOS/Source/portable/MemMang/heap_4.o
 .debug_aranges
                0x00000fc0       0x38 Src/freertos.o
 .debug_aranges
                0x00000ff8       0x20 Src/gpio.o
 .debug_aranges
                0x00001018       0x30 Src/i2c.o
 .debug_aranges
                0x00001048       0x38 Src/main.o
 .debug_aranges
                0x00001080       0x20 Src/stm32f4xx_hal_msp.o
 .debug_aranges
                0x000010a0       0x30 Src/stm32f4xx_hal_timebase_TIM.o
 .debug_aranges
                0x000010d0       0x58 Src/stm32f4xx_it.o
 .debug_aranges
                0x00001128       0x28 Src/system_stm32f4xx.o
 .debug_aranges
                0x00001150       0x38 Src/tim.o
 .debug_aranges
                0x00001188       0x38 Src/usart.o
 .debug_aranges
                0x000011c0       0x28 startup/startup_stm32f407xx.o

.debug_ranges   0x00000000     0x1188
 .debug_ranges  0x00000000       0xd0 Drivers/STM32F4xx_HAL_Driver/Src/stm32f4xx_hal.o
 .debug_ranges  0x000000d0       0xf8 Drivers/STM32F4xx_HAL_Driver/Src/stm32f4xx_hal_cortex.o
 .debug_ranges  0x000001c8       0x48 Drivers/STM32F4xx_HAL_Driver/Src/stm32f4xx_hal_gpio.o
 .debug_ranges  0x00000210      0x258 Drivers/STM32F4xx_HAL_Driver/Src/stm32f4xx_hal_i2c.o
 .debug_ranges  0x00000468       0x90 Drivers/STM32F4xx_HAL_Driver/Src/stm32f4xx_hal_rcc.o
 .debug_ranges  0x000004f8      0x358 Drivers/STM32F4xx_HAL_Driver/Src/stm32f4xx_hal_tim.o
 .debug_ranges  0x00000850      0x130 Drivers/STM32F4xx_HAL_Driver/Src/stm32f4xx_hal_tim_ex.o
 .debug_ranges  0x00000980      0x1c0 Drivers/STM32F4xx_HAL_Driver/Src/stm32f4xx_hal_uart.o
 .debug_ranges  0x00000b40      0x1c8 Middlewares/Third_Party/FreeRTOS/Source/CMSIS_RTOS/cmsis_os.o
 .debug_ranges  0x00000d08       0x30 Middlewares/Third_Party/FreeRTOS/Source/list.o
 .debug_ranges  0x00000d38      0x208 Middlewares/Third_Party/FreeRTOS/Source/tasks.o
 .debug_ranges  0x00000f40       0x88 Middlewares/Third_Party/FreeRTOS/Source/portable/GCC/ARM_CM4F/port.o
 .debug_ranges  0x00000fc8       0x40 Middlewares/Third_Party/FreeRTOS/Source/portable/MemMang/heap_4.o
 .debug_ranges  0x00001008       0x28 Src/freertos.o
 .debug_ranges  0x00001030       0x10 Src/gpio.o
 .debug_ranges  0x00001040       0x20 Src/i2c.o
 .debug_ranges  0x00001060       0x28 Src/main.o
 .debug_ranges  0x00001088       0x10 Src/stm32f4xx_hal_msp.o
 .debug_ranges  0x00001098       0x20 Src/stm32f4xx_hal_timebase_TIM.o
 .debug_ranges  0x000010b8       0x48 Src/stm32f4xx_it.o
 .debug_ranges  0x00001100       0x18 Src/system_stm32f4xx.o
 .debug_ranges  0x00001118       0x28 Src/tim.o
 .debug_ranges  0x00001140       0x28 Src/usart.o
 .debug_ranges  0x00001168       0x20 startup/startup_stm32f407xx.o

.debug_macro    0x00000000    0x24df9
 .debug_macro   0x00000000      0x398 Drivers/STM32F4xx_HAL_Driver/Src/stm32f4xx_hal.o
 .debug_macro   0x00000398      0x8bc Drivers/STM32F4xx_HAL_Driver/Src/stm32f4xx_hal.o
 .debug_macro   0x00000c54       0x46 Drivers/STM32F4xx_HAL_Driver/Src/stm32f4xx_hal.o
 .debug_macro   0x00000c9a      0x186 Drivers/STM32F4xx_HAL_Driver/Src/stm32f4xx_hal.o
 .debug_macro   0x00000e20       0x32 Drivers/STM32F4xx_HAL_Driver/Src/stm32f4xx_hal.o
 .debug_macro   0x00000e52       0x2f Drivers/STM32F4xx_HAL_Driver/Src/stm32f4xx_hal.o
 .debug_macro   0x00000e81       0x22 Drivers/STM32F4xx_HAL_Driver/Src/stm32f4xx_hal.o
 .debug_macro   0x00000ea3       0x87 Drivers/STM32F4xx_HAL_Driver/Src/stm32f4xx_hal.o
 .debug_macro   0x00000f2a       0x51 Drivers/STM32F4xx_HAL_Driver/Src/stm32f4xx_hal.o
 .debug_macro   0x00000f7b       0xef Drivers/STM32F4xx_HAL_Driver/Src/stm32f4xx_hal.o
 .debug_macro   0x0000106a       0x6a Drivers/STM32F4xx_HAL_Driver/Src/stm32f4xx_hal.o
 .debug_macro   0x000010d4      0x1df Drivers/STM32F4xx_HAL_Driver/Src/stm32f4xx_hal.o
 .debug_macro   0x000012b3       0x35 Drivers/STM32F4xx_HAL_Driver/Src/stm32f4xx_hal.o
 .debug_macro   0x000012e8       0x50 Drivers/STM32F4xx_HAL_Driver/Src/stm32f4xx_hal.o
 .debug_macro   0x00001338      0xe66 Drivers/STM32F4xx_HAL_Driver/Src/stm32f4xx_hal.o
 .debug_macro   0x0000219e    0x15d08 Drivers/STM32F4xx_HAL_Driver/Src/stm32f4xx_hal.o
 .debug_macro   0x00017ea6       0x43 Drivers/STM32F4xx_HAL_Driver/Src/stm32f4xx_hal.o
 .debug_macro   0x00017ee9     0x3535 Drivers/STM32F4xx_HAL_Driver/Src/stm32f4xx_hal.o
 .debug_macro   0x0001b41e       0x58 Drivers/STM32F4xx_HAL_Driver/Src/stm32f4xx_hal.o
 .debug_macro   0x0001b476       0x35 Drivers/STM32F4xx_HAL_Driver/Src/stm32f4xx_hal.o
 .debug_macro   0x0001b4ab       0x9c Drivers/STM32F4xx_HAL_Driver/Src/stm32f4xx_hal.o
 .debug_macro   0x0001b547       0x16 Drivers/STM32F4xx_HAL_Driver/Src/stm32f4xx_hal.o
 .debug_macro   0x0001b55d       0x97 Drivers/STM32F4xx_HAL_Driver/Src/stm32f4xx_hal.o
 .debug_macro   0x0001b5f4      0x330 Drivers/STM32F4xx_HAL_Driver/Src/stm32f4xx_hal.o
 .debug_macro   0x0001b924       0xfd Drivers/STM32F4xx_HAL_Driver/Src/stm32f4xx_hal.o
 .debug_macro   0x0001ba21       0x10 Drivers/STM32F4xx_HAL_Driver/Src/stm32f4xx_hal.o
 .debug_macro   0x0001ba31       0x58 Drivers/STM32F4xx_HAL_Driver/Src/stm32f4xx_hal.o
 .debug_macro   0x0001ba89       0x1f Drivers/STM32F4xx_HAL_Driver/Src/stm32f4xx_hal.o
 .debug_macro   0x0001baa8       0x43 Drivers/STM32F4xx_HAL_Driver/Src/stm32f4xx_hal.o
 .debug_macro   0x0001baeb       0x20 Drivers/STM32F4xx_HAL_Driver/Src/stm32f4xx_hal.o
 .debug_macro   0x0001bb0b      0x187 Drivers/STM32F4xx_HAL_Driver/Src/stm32f4xx_hal.o
 .debug_macro   0x0001bc92       0x10 Drivers/STM32F4xx_HAL_Driver/Src/stm32f4xx_hal.o
 .debug_macro   0x0001bca2       0x1c Drivers/STM32F4xx_HAL_Driver/Src/stm32f4xx_hal.o
 .debug_macro   0x0001bcbe       0x52 Drivers/STM32F4xx_HAL_Driver/Src/stm32f4xx_hal.o
 .debug_macro   0x0001bd10       0x40 Drivers/STM32F4xx_HAL_Driver/Src/stm32f4xx_hal.o
 .debug_macro   0x0001bd50       0x10 Drivers/STM32F4xx_HAL_Driver/Src/stm32f4xx_hal.o
 .debug_macro   0x0001bd60       0x40 Drivers/STM32F4xx_HAL_Driver/Src/stm32f4xx_hal.o
 .debug_macro   0x0001bda0       0xd7 Drivers/STM32F4xx_HAL_Driver/Src/stm32f4xx_hal.o
 .debug_macro   0x0001be77       0x16 Drivers/STM32F4xx_HAL_Driver/Src/stm32f4xx_hal.o
 .debug_macro   0x0001be8d      0x18b Drivers/STM32F4xx_HAL_Driver/Src/stm32f4xx_hal.o
 .debug_macro   0x0001c018       0x50 Drivers/STM32F4xx_HAL_Driver/Src/stm32f4xx_hal.o
 .debug_macro   0x0001c068      0x96b Drivers/STM32F4xx_HAL_Driver/Src/stm32f4xx_hal.o
 .debug_macro   0x0001c9d3      0xa02 Drivers/STM32F4xx_HAL_Driver/Src/stm32f4xx_hal.o
 .debug_macro   0x0001d3d5      0x11e Drivers/STM32F4xx_HAL_Driver/Src/stm32f4xx_hal.o
 .debug_macro   0x0001d4f3      0x13e Drivers/STM32F4xx_HAL_Driver/Src/stm32f4xx_hal.o
 .debug_macro   0x0001d631       0x27 Drivers/STM32F4xx_HAL_Driver/Src/stm32f4xx_hal.o
 .debug_macro   0x0001d658      0x287 Drivers/STM32F4xx_HAL_Driver/Src/stm32f4xx_hal.o
 .debug_macro   0x0001d8df       0x5f Drivers/STM32F4xx_HAL_Driver/Src/stm32f4xx_hal.o
 .debug_macro   0x0001d93e      0x23a Drivers/STM32F4xx_HAL_Driver/Src/stm32f4xx_hal.o
 .debug_macro   0x0001db78      0x133 Drivers/STM32F4xx_HAL_Driver/Src/stm32f4xx_hal.o
 .debug_macro   0x0001dcab      0x21e Drivers/STM32F4xx_HAL_Driver/Src/stm32f4xx_hal.o
 .debug_macro   0x0001dec9       0x2e Drivers/STM32F4xx_HAL_Driver/Src/stm32f4xx_hal.o
 .debug_macro   0x0001def7      0x1a7 Drivers/STM32F4xx_HAL_Driver/Src/stm32f4xx_hal.o
 .debug_macro   0x0001e09e       0xa5 Drivers/STM32F4xx_HAL_Driver/Src/stm32f4xx_hal.o
 .debug_macro   0x0001e143      0x11e Drivers/STM32F4xx_HAL_Driver/Src/stm32f4xx_hal.o
 .debug_macro   0x0001e261       0x7f Drivers/STM32F4xx_HAL_Driver/Src/stm32f4xx_hal.o
 .debug_macro   0x0001e2e0       0x89 Drivers/STM32F4xx_HAL_Driver/Src/stm32f4xx_hal.o
 .debug_macro   0x0001e369      0x6e0 Drivers/STM32F4xx_HAL_Driver/Src/stm32f4xx_hal.o
 .debug_macro   0x0001ea49       0x59 Drivers/STM32F4xx_HAL_Driver/Src/stm32f4xx_hal.o
 .debug_macro   0x0001eaa2      0x14d Drivers/STM32F4xx_HAL_Driver/Src/stm32f4xx_hal.o
 .debug_macro   0x0001ebef      0x287 Drivers/STM32F4xx_HAL_Driver/Src/stm32f4xx_hal.o
 .debug_macro   0x0001ee76      0x134 Drivers/STM32F4xx_HAL_Driver/Src/stm32f4xx_hal.o
 .debug_macro   0x0001efaa      0x338 Drivers/STM32F4xx_HAL_Driver/Src/stm32f4xx_hal_cortex.o
 .debug_macro   0x0001f2e2      0x370 Drivers/STM32F4xx_HAL_Driver/Src/stm32f4xx_hal_gpio.o
 .debug_macro   0x0001f652      0x378 Drivers/STM32F4xx_HAL_Driver/Src/stm32f4xx_hal_i2c.o
 .debug_macro   0x0001f9ca      0x35c Drivers/STM32F4xx_HAL_Driver/Src/stm32f4xx_hal_rcc.o
 .debug_macro   0x0001fd26      0x338 Drivers/STM32F4xx_HAL_Driver/Src/stm32f4xx_hal_tim.o
 .debug_macro   0x0002005e      0x338 Drivers/STM32F4xx_HAL_Driver/Src/stm32f4xx_hal_tim_ex.o
 .debug_macro   0x00020396      0x339 Drivers/STM32F4xx_HAL_Driver/Src/stm32f4xx_hal_uart.o
 .debug_macro   0x000206cf      0x422 Middlewares/Third_Party/FreeRTOS/Source/CMSIS_RTOS/cmsis_os.o
 .debug_macro   0x00020af1       0x52 Middlewares/Third_Party/FreeRTOS/Source/CMSIS_RTOS/cmsis_os.o
 .debug_macro   0x00020b43       0x8d Middlewares/Third_Party/FreeRTOS/Source/CMSIS_RTOS/cmsis_os.o
 .debug_macro   0x00020bd0      0x174 Middlewares/Third_Party/FreeRTOS/Source/CMSIS_RTOS/cmsis_os.o
 .debug_macro   0x00020d44       0x57 Middlewares/Third_Party/FreeRTOS/Source/CMSIS_RTOS/cmsis_os.o
 .debug_macro   0x00020d9b       0x10 Middlewares/Third_Party/FreeRTOS/Source/CMSIS_RTOS/cmsis_os.o
 .debug_macro   0x00020dab       0x35 Middlewares/Third_Party/FreeRTOS/Source/CMSIS_RTOS/cmsis_os.o
 .debug_macro   0x00020de0       0x3b Middlewares/Third_Party/FreeRTOS/Source/CMSIS_RTOS/cmsis_os.o
 .debug_macro   0x00020e1b       0x1c Middlewares/Third_Party/FreeRTOS/Source/CMSIS_RTOS/cmsis_os.o
 .debug_macro   0x00020e37       0xd2 Middlewares/Third_Party/FreeRTOS/Source/CMSIS_RTOS/cmsis_os.o
 .debug_macro   0x00020f09      0x168 Middlewares/Third_Party/FreeRTOS/Source/CMSIS_RTOS/cmsis_os.o
 .debug_macro   0x00021071       0xe4 Middlewares/Third_Party/FreeRTOS/Source/CMSIS_RTOS/cmsis_os.o
 .debug_macro   0x00021155       0x10 Middlewares/Third_Party/FreeRTOS/Source/CMSIS_RTOS/cmsis_os.o
 .debug_macro   0x00021165       0x26 Middlewares/Third_Party/FreeRTOS/Source/CMSIS_RTOS/cmsis_os.o
 .debug_macro   0x0002118b      0x40f Middlewares/Third_Party/FreeRTOS/Source/CMSIS_RTOS/cmsis_os.o
 .debug_macro   0x0002159a       0xc0 Middlewares/Third_Party/FreeRTOS/Source/CMSIS_RTOS/cmsis_os.o
 .debug_macro   0x0002165a       0x8c Middlewares/Third_Party/FreeRTOS/Source/CMSIS_RTOS/cmsis_os.o
 .debug_macro   0x000216e6       0x91 Middlewares/Third_Party/FreeRTOS/Source/CMSIS_RTOS/cmsis_os.o
 .debug_macro   0x00021777       0x94 Middlewares/Third_Party/FreeRTOS/Source/CMSIS_RTOS/cmsis_os.o
 .debug_macro   0x0002180b       0x63 Middlewares/Third_Party/FreeRTOS/Source/CMSIS_RTOS/cmsis_os.o
 .debug_macro   0x0002186e       0x19 Middlewares/Third_Party/FreeRTOS/Source/CMSIS_RTOS/cmsis_os.o
 .debug_macro   0x00021887       0xcf Middlewares/Third_Party/FreeRTOS/Source/CMSIS_RTOS/cmsis_os.o
 .debug_macro   0x00021956      0x3bf Middlewares/Third_Party/FreeRTOS/Source/list.o
 .debug_macro   0x00021d15      0x49e Middlewares/Third_Party/FreeRTOS/Source/tasks.o
 .debug_macro   0x000221b3       0x11 Middlewares/Third_Party/FreeRTOS/Source/tasks.o
 .debug_macro   0x000221c4      0x473 Middlewares/Third_Party/FreeRTOS/Source/portable/GCC/ARM_CM4F/port.o
 .debug_macro   0x00022637      0x3e6 Middlewares/Third_Party/FreeRTOS/Source/portable/MemMang/heap_4.o
 .debug_macro   0x00022a1d      0x405 Src/freertos.o
 .debug_macro   0x00022e22      0x342 Src/gpio.o
 .debug_macro   0x00023164      0x34c Src/i2c.o
 .debug_macro   0x000234b0      0x419 Src/main.o
 .debug_macro   0x000238c9       0xd8 Src/main.o
 .debug_macro   0x000239a1      0x338 Src/stm32f4xx_hal_msp.o
 .debug_macro   0x00023cd9      0x338 Src/stm32f4xx_hal_timebase_TIM.o
 .debug_macro   0x00024011      0x417 Src/stm32f4xx_it.o
 .debug_macro   0x00024428      0x343 Src/system_stm32f4xx.o
 .debug_macro   0x0002476b      0x342 Src/tim.o
 .debug_macro   0x00024aad      0x34c Src/usart.o

.debug_line     0x00000000    0x10652
 .debug_line    0x00000000      0x947 Drivers/STM32F4xx_HAL_Driver/Src/stm32f4xx_hal.o
 .debug_line    0x00000947      0x983 Drivers/STM32F4xx_HAL_Driver/Src/stm32f4xx_hal_cortex.o
 .debug_line    0x000012ca      0x8f7 Drivers/STM32F4xx_HAL_Driver/Src/stm32f4xx_hal_gpio.o
 .debug_line    0x00001bc1     0x1924 Drivers/STM32F4xx_HAL_Driver/Src/stm32f4xx_hal_i2c.o
 .debug_line    0x000034e5      0x9d3 Drivers/STM32F4xx_HAL_Driver/Src/stm32f4xx_hal_rcc.o
 .debug_line    0x00003eb8     0x1898 Drivers/STM32F4xx_HAL_Driver/Src/stm32f4xx_hal_tim.o
 .debug_line    0x00005750      0xd23 Drivers/STM32F4xx_HAL_Driver/Src/stm32f4xx_hal_tim_ex.o
 .debug_line    0x00006473     0x1071 Drivers/STM32F4xx_HAL_Driver/Src/stm32f4xx_hal_uart.o
 .debug_line    0x000074e4      0xf37 Middlewares/Third_Party/FreeRTOS/Source/CMSIS_RTOS/cmsis_os.o
 .debug_line    0x0000841b      0x93d Middlewares/Third_Party/FreeRTOS/Source/list.o
 .debug_line    0x00008d58     0x11aa Middlewares/Third_Party/FreeRTOS/Source/tasks.o
 .debug_line    0x00009f02      0xa25 Middlewares/Third_Party/FreeRTOS/Source/portable/GCC/ARM_CM4F/port.o
 .debug_line    0x0000a927      0x9ef Middlewares/Third_Party/FreeRTOS/Source/portable/MemMang/heap_4.o
 .debug_line    0x0000b316      0xa01 Src/freertos.o
 .debug_line    0x0000bd17      0x771 Src/gpio.o
 .debug_line    0x0000c488      0x7a5 Src/i2c.o
 .debug_line    0x0000cc2d      0x998 Src/main.o
 .debug_line    0x0000d5c5      0x76c Src/stm32f4xx_hal_msp.o
 .debug_line    0x0000dd31      0x79f Src/stm32f4xx_hal_timebase_TIM.o
 .debug_line    0x0000e4d0      0x9ca Src/stm32f4xx_it.o
 .debug_line    0x0000ee9a      0x797 Src/system_stm32f4xx.o
 .debug_line    0x0000f631      0x7c7 Src/tim.o
 .debug_line    0x0000fdf8      0x7db Src/usart.o
 .debug_line    0x000105d3       0x7f startup/startup_stm32f407xx.o

.debug_str      0x00000000    0xcc8b5
 .debug_str     0x00000000    0xc185a Drivers/STM32F4xx_HAL_Driver/Src/stm32f4xx_hal.o
                              0xc1c3f (size before relaxing)
 .debug_str     0x000c185a      0x39e Drivers/STM32F4xx_HAL_Driver/Src/stm32f4xx_hal_cortex.o
                              0xc1981 (size before relaxing)
 .debug_str     0x000c1bf8      0x28c Drivers/STM32F4xx_HAL_Driver/Src/stm32f4xx_hal_gpio.o
                              0xc1314 (size before relaxing)
 .debug_str     0x000c1e84      0xf14 Drivers/STM32F4xx_HAL_Driver/Src/stm32f4xx_hal_i2c.o
                              0xc1f1a (size before relaxing)
 .debug_str     0x000c2d98      0x364 Drivers/STM32F4xx_HAL_Driver/Src/stm32f4xx_hal_rcc.o
                              0xc14de (size before relaxing)
 .debug_str     0x000c30fc      0xe90 Drivers/STM32F4xx_HAL_Driver/Src/stm32f4xx_hal_tim.o
                              0xc211c (size before relaxing)
 .debug_str     0x000c3f8c      0x4f4 Drivers/STM32F4xx_HAL_Driver/Src/stm32f4xx_hal_tim_ex.o
                              0xc19dc (size before relaxing)
 .debug_str     0x000c4480      0x6b9 Drivers/STM32F4xx_HAL_Driver/Src/stm32f4xx_hal_uart.o
                              0xc1959 (size before relaxing)
 .debug_str     0x000c4b39     0x5d31 Middlewares/Third_Party/FreeRTOS/Source/CMSIS_RTOS/cmsis_os.o
                              0xc6d6a (size before relaxing)
 .debug_str     0x000ca86a      0x234 Middlewares/Third_Party/FreeRTOS/Source/list.o
                              0xc40f4 (size before relaxing)
 .debug_str     0x000caa9e     0x10b7 Middlewares/Third_Party/FreeRTOS/Source/tasks.o
                              0xc6168 (size before relaxing)
 .debug_str     0x000cbb55      0x77c Middlewares/Third_Party/FreeRTOS/Source/portable/GCC/ARM_CM4F/port.o
                              0xc4d27 (size before relaxing)
 .debug_str     0x000cc2d1      0x243 Middlewares/Third_Party/FreeRTOS/Source/portable/MemMang/heap_4.o
                              0xc4822 (size before relaxing)
 .debug_str     0x000cc514       0xff Src/freertos.o
                              0xc69b7 (size before relaxing)
 .debug_str     0x000cc613       0x25 Src/gpio.o
                              0xc10fa (size before relaxing)
 .debug_str     0x000cc638       0x42 Src/i2c.o
                              0xc161e (size before relaxing)
 .debug_str     0x000cc67a       0x5b Src/main.o
                              0xc724a (size before relaxing)
 .debug_str     0x000cc6d5       0x1b Src/stm32f4xx_hal_msp.o
                              0xc145c (size before relaxing)
 .debug_str     0x000cc6f0       0x61 Src/stm32f4xx_hal_timebase_TIM.o
                              0xc1ac1 (size before relaxing)
 .debug_str     0x000cc751       0xad Src/stm32f4xx_it.o
                              0xc664b (size before relaxing)
 .debug_str     0x000cc7fe       0x5a Src/system_stm32f4xx.o
                              0xc10d0 (size before relaxing)
 .debug_str     0x000cc858       0x43 Src/tim.o
                              0xc1663 (size before relaxing)
 .debug_str     0x000cc89b       0x1a Src/usart.o
                              0xc1565 (size before relaxing)

.comment        0x00000000       0x7f
 .comment       0x00000000       0x7f Drivers/STM32F4xx_HAL_Driver/Src/stm32f4xx_hal.o
                                 0x80 (size before relaxing)
 .comment       0x0000007f       0x80 Drivers/STM32F4xx_HAL_Driver/Src/stm32f4xx_hal_cortex.o
 .comment       0x0000007f       0x80 Drivers/STM32F4xx_HAL_Driver/Src/stm32f4xx_hal_gpio.o
 .comment       0x0000007f       0x80 Drivers/STM32F4xx_HAL_Driver/Src/stm32f4xx_hal_i2c.o
 .comment       0x0000007f       0x80 Drivers/STM32F4xx_HAL_Driver/Src/stm32f4xx_hal_rcc.o
 .comment       0x0000007f       0x80 Drivers/STM32F4xx_HAL_Driver/Src/stm32f4xx_hal_tim.o
 .comment       0x0000007f       0x80 Drivers/STM32F4xx_HAL_Driver/Src/stm32f4xx_hal_tim_ex.o
 .comment       0x0000007f       0x80 Drivers/STM32F4xx_HAL_Driver/Src/stm32f4xx_hal_uart.o
 .comment       0x0000007f       0x80 Middlewares/Third_Party/FreeRTOS/Source/CMSIS_RTOS/cmsis_os.o
 .comment       0x0000007f       0x80 Middlewares/Third_Party/FreeRTOS/Source/list.o
 .comment       0x0000007f       0x80 Middlewares/Third_Party/FreeRTOS/Source/tasks.o
 .comment       0x0000007f       0x80 Middlewares/Third_Party/FreeRTOS/Source/portable/GCC/ARM_CM4F/port.o
 .comment       0x0000007f       0x80 Middlewares/Third_Party/FreeRTOS/Source/portable/MemMang/heap_4.o
 .comment       0x0000007f       0x80 Src/freertos.o
 .comment       0x0000007f       0x80 Src/gpio.o
 .comment       0x0000007f       0x80 Src/i2c.o
 .comment       0x0000007f       0x80 Src/main.o
 .comment       0x0000007f       0x80 Src/stm32f4xx_hal_msp.o
 .comment       0x0000007f       0x80 Src/stm32f4xx_hal_timebase_TIM.o
 .comment       0x0000007f       0x80 Src/stm32f4xx_it.o
 .comment       0x0000007f       0x80 Src/system_stm32f4xx.o
 .comment       0x0000007f       0x80 Src/tim.o
 .comment       0x0000007f       0x80 Src/usart.o

.debug_frame    0x00000000     0x30c4
 .debug_frame   0x00000000      0x1cc Drivers/STM32F4xx_HAL_Driver/Src/stm32f4xx_hal.o
 .debug_frame   0x000001cc      0x15c Drivers/STM32F4xx_HAL_Driver/Src/stm32f4xx_hal_cortex.o
 .debug_frame   0x00000328       0xd0 Drivers/STM32F4xx_HAL_Driver/Src/stm32f4xx_hal_gpio.o
 .debug_frame   0x000003f8      0x848 Drivers/STM32F4xx_HAL_Driver/Src/stm32f4xx_hal_i2c.o
 .debug_frame   0x00000c40      0x174 Drivers/STM32F4xx_HAL_Driver/Src/stm32f4xx_hal_rcc.o
 .debug_frame   0x00000db4      0x9e0 Drivers/STM32F4xx_HAL_Driver/Src/stm32f4xx_hal_tim.o
 .debug_frame   0x00001794      0x384 Drivers/STM32F4xx_HAL_Driver/Src/stm32f4xx_hal_tim_ex.o
 .debug_frame   0x00001b18      0x4e8 Drivers/STM32F4xx_HAL_Driver/Src/stm32f4xx_hal_uart.o
 .debug_frame   0x00002000      0x584 Middlewares/Third_Party/FreeRTOS/Source/CMSIS_RTOS/cmsis_os.o
 .debug_frame   0x00002584       0x6c Middlewares/Third_Party/FreeRTOS/Source/list.o
 .debug_frame   0x000025f0      0x4e8 Middlewares/Third_Party/FreeRTOS/Source/tasks.o
 .debug_frame   0x00002ad8       0xfc Middlewares/Third_Party/FreeRTOS/Source/portable/GCC/ARM_CM4F/port.o
 .debug_frame   0x00002bd4       0xac Middlewares/Third_Party/FreeRTOS/Source/portable/MemMang/heap_4.o
 .debug_frame   0x00002c80       0x7c Src/freertos.o
 .debug_frame   0x00002cfc       0x34 Src/gpio.o
 .debug_frame   0x00002d30       0x5c Src/i2c.o
 .debug_frame   0x00002d8c       0x70 Src/main.o
 .debug_frame   0x00002dfc       0x28 Src/stm32f4xx_hal_msp.o
 .debug_frame   0x00002e24       0x50 Src/stm32f4xx_hal_timebase_TIM.o
 .debug_frame   0x00002e74       0xa0 Src/stm32f4xx_it.o
 .debug_frame   0x00002f14       0x30 Src/system_stm32f4xx.o
 .debug_frame   0x00002f44       0x7c Src/tim.o
 .debug_frame   0x00002fc0       0x78 Src/usart.o
 .debug_frame   0x00003038       0x2c d:/sw4stm32/plugins/fr.ac6.mcu.externaltools.arm-none.win32_1.15.0.201708311556/tools/compiler/bin/../lib/gcc/arm-none-eabi/6.3.1/thumb/v7e-m/fpv4-sp/hard\libgcc.a(_aeabi_uldivmod.o)
 .debug_frame   0x00003064       0x34 d:/sw4stm32/plugins/fr.ac6.mcu.externaltools.arm-none.win32_1.15.0.201708311556/tools/compiler/bin/../lib/gcc/arm-none-eabi/6.3.1/thumb/v7e-m/fpv4-sp/hard\libgcc.a(_udivmoddi4.o)
 .debug_frame   0x00003098       0x2c d:/sw4stm32/plugins/fr.ac6.mcu.externaltools.arm-none.win32_1.15.0.201708311556/tools/compiler/bin/../lib/gcc/arm-none-eabi/6.3.1/../../../../arm-none-eabi/lib/thumb/v7e-m/fpv4-sp/hard\libc_nano.a(lib_a-init.o)
