Archive member included to satisfy reference by file (symbol)

d:/sw4stm32/plugins/fr.ac6.mcu.externaltools.arm-none.win32_1.15.0.201708311556/tools/compiler/bin/../lib/gcc/arm-none-eabi/6.3.1/thumb/v7e-m/fpv4-sp/hard\libgcc.a(_aeabi_uldivmod.o)
                              Drivers/STM32F4xx_HAL_Driver/Src/stm32f4xx_hal_rcc.o (__aeabi_uldivmod)
d:/sw4stm32/plugins/fr.ac6.mcu.externaltools.arm-none.win32_1.15.0.201708311556/tools/compiler/bin/../lib/gcc/arm-none-eabi/6.3.1/thumb/v7e-m/fpv4-sp/hard\libgcc.a(_udivmoddi4.o)
                              d:/sw4stm32/plugins/fr.ac6.mcu.externaltools.arm-none.win32_1.15.0.201708311556/tools/compiler/bin/../lib/gcc/arm-none-eabi/6.3.1/thumb/v7e-m/fpv4-sp/hard\libgcc.a(_aeabi_uldivmod.o) (__udivmoddi4)
d:/sw4stm32/plugins/fr.ac6.mcu.externaltools.arm-none.win32_1.15.0.201708311556/tools/compiler/bin/../lib/gcc/arm-none-eabi/6.3.1/thumb/v7e-m/fpv4-sp/hard\libgcc.a(_dvmd_tls.o)
                              d:/sw4stm32/plugins/fr.ac6.mcu.externaltools.arm-none.win32_1.15.0.201708311556/tools/compiler/bin/../lib/gcc/arm-none-eabi/6.3.1/thumb/v7e-m/fpv4-sp/hard\libgcc.a(_aeabi_uldivmod.o) (__aeabi_ldiv0)
d:/sw4stm32/plugins/fr.ac6.mcu.externaltools.arm-none.win32_1.15.0.201708311556/tools/compiler/bin/../lib/gcc/arm-none-eabi/6.3.1/../../../../arm-none-eabi/lib/thumb/v7e-m/fpv4-sp/hard\libc_nano.a(lib_a-exit.o)
                              d:/sw4stm32/plugins/fr.ac6.mcu.externaltools.arm-none.win32_1.15.0.201708311556/tools/compiler/bin/../lib/gcc/arm-none-eabi/6.3.1/../../../../arm-none-eabi/lib/thumb/v7e-m/fpv4-sp/hard/crt0.o (exit)
d:/sw4stm32/plugins/fr.ac6.mcu.externaltools.arm-none.win32_1.15.0.201708311556/tools/compiler/bin/../lib/gcc/arm-none-eabi/6.3.1/../../../../arm-none-eabi/lib/thumb/v7e-m/fpv4-sp/hard\libc_nano.a(lib_a-impure.o)
                              d:/sw4stm32/plugins/fr.ac6.mcu.externaltools.arm-none.win32_1.15.0.201708311556/tools/compiler/bin/../lib/gcc/arm-none-eabi/6.3.1/../../../../arm-none-eabi/lib/thumb/v7e-m/fpv4-sp/hard\libc_nano.a(lib_a-exit.o) (_global_impure_ptr)
d:/sw4stm32/plugins/fr.ac6.mcu.externaltools.arm-none.win32_1.15.0.201708311556/tools/compiler/bin/../lib/gcc/arm-none-eabi/6.3.1/../../../../arm-none-eabi/lib/thumb/v7e-m/fpv4-sp/hard\libc_nano.a(lib_a-init.o)
                              d:/sw4stm32/plugins/fr.ac6.mcu.externaltools.arm-none.win32_1.15.0.201708311556/tools/compiler/bin/../lib/gcc/arm-none-eabi/6.3.1/../../../../arm-none-eabi/lib/thumb/v7e-m/fpv4-sp/hard/crt0.o (__libc_init_array)
d:/sw4stm32/plugins/fr.ac6.mcu.externaltools.arm-none.win32_1.15.0.201708311556/tools/compiler/bin/../lib/gcc/arm-none-eabi/6.3.1/../../../../arm-none-eabi/lib/thumb/v7e-m/fpv4-sp/hard\libc_nano.a(lib_a-memcpy-stub.o)
                              Middlewares/Third_Party/FreeRTOS/Source/queue.o (memcpy)
d:/sw4stm32/plugins/fr.ac6.mcu.externaltools.arm-none.win32_1.15.0.201708311556/tools/compiler/bin/../lib/gcc/arm-none-eabi/6.3.1/../../../../arm-none-eabi/lib/thumb/v7e-m/fpv4-sp/hard\libc_nano.a(lib_a-memset.o)
                              d:/sw4stm32/plugins/fr.ac6.mcu.externaltools.arm-none.win32_1.15.0.201708311556/tools/compiler/bin/../lib/gcc/arm-none-eabi/6.3.1/../../../../arm-none-eabi/lib/thumb/v7e-m/fpv4-sp/hard/crt0.o (memset)
d:/sw4stm32/plugins/fr.ac6.mcu.externaltools.arm-none.win32_1.15.0.201708311556/tools/compiler/bin/../lib/gcc/arm-none-eabi/6.3.1/../../../../arm-none-eabi/lib/thumb/v7e-m/fpv4-sp/hard\libnosys.a(_exit.o)
                              d:/sw4stm32/plugins/fr.ac6.mcu.externaltools.arm-none.win32_1.15.0.201708311556/tools/compiler/bin/../lib/gcc/arm-none-eabi/6.3.1/../../../../arm-none-eabi/lib/thumb/v7e-m/fpv4-sp/hard\libc_nano.a(lib_a-exit.o) (_exit)

Allocating common symbols
Common symbol       size              file

Task_PWMHandle      0x4               Src/freertos.o
htim4               0x3c              Src/stm32f4xx_hal_timebase_TIM.o
uwTick              0x4               Drivers/STM32F4xx_HAL_Driver/Src/stm32f4xx_hal.o
xQueueRegistry      0x40              Middlewares/Third_Party/FreeRTOS/Source/queue.o
pFlash              0x20              Drivers/STM32F4xx_HAL_Driver/Src/stm32f4xx_hal_flash.o
Task_USARTHandle    0x4               Src/freertos.o
Task_LEDHandle      0x4               Src/freertos.o
huart1              0x40              Src/usart.o
buffer              0x64              Src/stm32f4xx_it.o
htim2               0x3c              Src/tim.o
_channels           0x40              Src/freertos.o

Discarded input sections

 .text          0x00000000        0x0 d:/sw4stm32/plugins/fr.ac6.mcu.externaltools.arm-none.win32_1.15.0.201708311556/tools/compiler/bin/../lib/gcc/arm-none-eabi/6.3.1/thumb/v7e-m/fpv4-sp/hard/crti.o
 .data          0x00000000        0x0 d:/sw4stm32/plugins/fr.ac6.mcu.externaltools.arm-none.win32_1.15.0.201708311556/tools/compiler/bin/../lib/gcc/arm-none-eabi/6.3.1/thumb/v7e-m/fpv4-sp/hard/crti.o
[...]
Memory Configuration

Name             Origin             Length             Attributes
RAM              0x20000000         0x00020000         xrw
CCMRAM           0x10000000         0x00010000         rw
FLASH            0x08000000         0x00100000         xr
*default*        0x00000000         0xffffffff

Linker script and memory map

LOAD d:/sw4stm32/plugins/fr.ac6.mcu.externaltools.arm-none.win32_1.15.0.201708311556/tools/compiler/bin/../lib/gcc/arm-none-eabi/6.3.1/thumb/v7e-m/fpv4-sp/hard/crti.o
LOAD d:/sw4stm32/plugins/fr.ac6.mcu.externaltools.arm-none.win32_1.15.0.201708311556/tools/compiler/bin/../lib/gcc/arm-none-eabi/6.3.1/thumb/v7e-m/fpv4-sp/hard/crtbegin.o
LOAD d:/sw4stm32/plugins/fr.ac6.mcu.externaltools.arm-none.win32_1.15.0.201708311556/tools/compiler/bin/../lib/gcc/arm-none-eabi/6.3.1/../../../../arm-none-eabi/lib/thumb/v7e-m/fpv4-sp/hard/crt0.o
LOAD Drivers/STM32F4xx_HAL_Driver/Src/stm32f4xx_hal.o
LOAD Drivers/STM32F4xx_HAL_Driver/Src/stm32f4xx_hal_cortex.o
LOAD Drivers/STM32F4xx_HAL_Driver/Src/stm32f4xx_hal_dma.o
LOAD Drivers/STM32F4xx_HAL_Driver/Src/stm32f4xx_hal_dma_ex.o
LOAD Drivers/STM32F4xx_HAL_Driver/Src/stm32f4xx_hal_flash.o
LOAD Drivers/STM32F4xx_HAL_Driver/Src/stm32f4xx_hal_flash_ex.o
LOAD Drivers/STM32F4xx_HAL_Driver/Src/stm32f4xx_hal_flash_ramfunc.o
LOAD Drivers/STM32F4xx_HAL_Driver/Src/stm32f4xx_hal_gpio.o
LOAD Drivers/STM32F4xx_HAL_Driver/Src/stm32f4xx_hal_pwr.o
LOAD Drivers/STM32F4xx_HAL_Driver/Src/stm32f4xx_hal_pwr_ex.o
LOAD Drivers/STM32F4xx_HAL_Driver/Src/stm32f4xx_hal_rcc.o
LOAD Drivers/STM32F4xx_HAL_Driver/Src/stm32f4xx_hal_rcc_ex.o
LOAD Drivers/STM32F4xx_HAL_Driver/Src/stm32f4xx_hal_tim.o
LOAD Drivers/STM32F4xx_HAL_Driver/Src/stm32f4xx_hal_tim_ex.o
LOAD Drivers/STM32F4xx_HAL_Driver/Src/stm32f4xx_hal_uart.o
LOAD Middlewares/Third_Party/FreeRTOS/Source/CMSIS_RTOS/cmsis_os.o
LOAD Middlewares/Third_Party/FreeRTOS/Source/croutine.o
LOAD Middlewares/Third_Party/FreeRTOS/Source/event_groups.o
LOAD Middlewares/Third_Party/FreeRTOS/Source/list.o
LOAD Middlewares/Third_Party/FreeRTOS/Source/queue.o
LOAD Middlewares/Third_Party/FreeRTOS/Source/tasks.o
LOAD Middlewares/Third_Party/FreeRTOS/Source/timers.o
LOAD Middlewares/Third_Party/FreeRTOS/Source/portable/GCC/ARM_CM4F/port.o
LOAD Middlewares/Third_Party/FreeRTOS/Source/portable/MemMang/heap_4.o
LOAD Src/freertos.o
LOAD Src/gpio.o
LOAD Src/main.o
LOAD Src/stm32f4xx_hal_msp.o
LOAD Src/stm32f4xx_hal_timebase_TIM.o
LOAD Src/stm32f4xx_it.o
LOAD Src/system_stm32f4xx.o
LOAD Src/tim.o
LOAD Src/usart.o
LOAD startup/startup_stm32f407xx.o
LOAD d:/sw4stm32/plugins/fr.ac6.mcu.externaltools.arm-none.win32_1.15.0.201708311556/tools/compiler/bin/../lib/gcc/arm-none-eabi/6.3.1/../../../../arm-none-eabi/lib/thumb/v7e-m/fpv4-sp/hard\libm.a
START GROUP
LOAD d:/sw4stm32/plugins/fr.ac6.mcu.externaltools.arm-none.win32_1.15.0.201708311556/tools/compiler/bin/../lib/gcc/arm-none-eabi/6.3.1/thumb/v7e-m/fpv4-sp/hard\libgcc.a
LOAD d:/sw4stm32/plugins/fr.ac6.mcu.externaltools.arm-none.win32_1.15.0.201708311556/tools/compiler/bin/../lib/gcc/arm-none-eabi/6.3.1/../../../../arm-none-eabi/lib/thumb/v7e-m/fpv4-sp/hard\libc_nano.a
END GROUP
START GROUP
LOAD d:/sw4stm32/plugins/fr.ac6.mcu.externaltools.arm-none.win32_1.15.0.201708311556/tools/compiler/bin/../lib/gcc/arm-none-eabi/6.3.1/thumb/v7e-m/fpv4-sp/hard\libgcc.a
LOAD d:/sw4stm32/plugins/fr.ac6.mcu.externaltools.arm-none.win32_1.15.0.201708311556/tools/compiler/bin/../lib/gcc/arm-none-eabi/6.3.1/../../../../arm-none-eabi/lib/thumb/v7e-m/fpv4-sp/hard\libc_nano.a
LOAD d:/sw4stm32/plugins/fr.ac6.mcu.externaltools.arm-none.win32_1.15.0.201708311556/tools/compiler/bin/../lib/gcc/arm-none-eabi/6.3.1/../../../../arm-none-eabi/lib/thumb/v7e-m/fpv4-sp/hard\libnosys.a
END GROUP
START GROUP
LOAD d:/sw4stm32/plugins/fr.ac6.mcu.externaltools.arm-none.win32_1.15.0.201708311556/tools/compiler/bin/../lib/gcc/arm-none-eabi/6.3.1/thumb/v7e-m/fpv4-sp/hard\libgcc.a
LOAD d:/sw4stm32/plugins/fr.ac6.mcu.externaltools.arm-none.win32_1.15.0.201708311556/tools/compiler/bin/../lib/gcc/arm-none-eabi/6.3.1/../../../../arm-none-eabi/lib/thumb/v7e-m/fpv4-sp/hard\libc_nano.a
LOAD d:/sw4stm32/plugins/fr.ac6.mcu.externaltools.arm-none.win32_1.15.0.201708311556/tools/compiler/bin/../lib/gcc/arm-none-eabi/6.3.1/../../../../arm-none-eabi/lib/thumb/v7e-m/fpv4-sp/hard\libnosys.a
END GROUP
LOAD d:/sw4stm32/plugins/fr.ac6.mcu.externaltools.arm-none.win32_1.15.0.201708311556/tools/compiler/bin/../lib/gcc/arm-none-eabi/6.3.1/thumb/v7e-m/fpv4-sp/hard/crtend.o
LOAD d:/sw4stm32/plugins/fr.ac6.mcu.externaltools.arm-none.win32_1.15.0.201708311556/tools/compiler/bin/../lib/gcc/arm-none-eabi/6.3.1/thumb/v7e-m/fpv4-sp/hard/crtn.o
                0x20020000                _estack = 0x20020000
                0x00000200                _Min_Heap_Size = 0x200
                0x00000400                _Min_Stack_Size = 0x400

.isr_vector     0x08000000      0x188
                0x08000000                . = ALIGN (0x4)
 *(.isr_vector)
 .isr_vector    0x08000000      0x188 startup/startup_stm32f407xx.o
                0x08000000                g_pfnVectors
                0x08000188                . = ALIGN (0x4)

.text           0x08000190     0x3058
                0x08000190                . = ALIGN (0x4)
 *(.text)
 .text          0x08000190       0x6c d:/sw4stm32/plugins/fr.ac6.mcu.externaltools.arm-none.win32_1.15.0.201708311556/tools/compiler/bin/../lib/gcc/arm-none-eabi/6.3.1/thumb/v7e-m/fpv4-sp/hard/crtbegin.o
 .text          0x080001fc       0x30 d:/sw4stm32/plugins/fr.ac6.mcu.externaltools.arm-none.win32_1.15.0.201708311556/tools/compiler/bin/../lib/gcc/arm-none-eabi/6.3.1/thumb/v7e-m/fpv4-sp/hard\libgcc.a(_aeabi_uldivmod.o)
                0x080001fc                __aeabi_uldivmod
 .text          0x0800022c      0x2dc d:/sw4stm32/plugins/fr.ac6.mcu.externaltools.arm-none.win32_1.15.0.201708311556/tools/compiler/bin/../lib/gcc/arm-none-eabi/6.3.1/thumb/v7e-m/fpv4-sp/hard\libgcc.a(_udivmoddi4.o)
                0x0800022c                __udivmoddi4
 .text          0x08000508        0x4 d:/sw4stm32/plugins/fr.ac6.mcu.externaltools.arm-none.win32_1.15.0.201708311556/tools/compiler/bin/../lib/gcc/arm-none-eabi/6.3.1/thumb/v7e-m/fpv4-sp/hard\libgcc.a(_dvmd_tls.o)
                0x08000508                __aeabi_idiv0
                0x08000508                __aeabi_ldiv0
 *(.text*)
 .text.HAL_Init
                0x0800050c       0x34 Drivers/STM32F4xx_HAL_Driver/Src/stm32f4xx_hal.o
                0x0800050c                HAL_Init
 .text.HAL_IncTick
                0x08000540       0x18 Drivers/STM32F4xx_HAL_Driver/Src/stm32f4xx_hal.o
                0x08000540                HAL_IncTick
 .text.HAL_GetTick
                0x08000558        0xc Drivers/STM32F4xx_HAL_Driver/Src/stm32f4xx_hal.o
                0x08000558                HAL_GetTick
 .text.HAL_NVIC_SetPriorityGrouping
                0x08000564       0x24 Drivers/STM32F4xx_HAL_Driver/Src/stm32f4xx_hal_cortex.o
                0x08000564                HAL_NVIC_SetPriorityGrouping
 .text.HAL_NVIC_SetPriority
                0x08000588       0x64 Drivers/STM32F4xx_HAL_Driver/Src/stm32f4xx_hal_cortex.o
                0x08000588                HAL_NVIC_SetPriority
 .text.HAL_NVIC_EnableIRQ
                0x080005ec       0x18 Drivers/STM32F4xx_HAL_Driver/Src/stm32f4xx_hal_cortex.o
                0x080005ec                HAL_NVIC_EnableIRQ
 .text.HAL_SYSTICK_Config
                0x08000604       0x2c Drivers/STM32F4xx_HAL_Driver/Src/stm32f4xx_hal_cortex.o
                0x08000604                HAL_SYSTICK_Config
 .text.HAL_NVIC_ClearPendingIRQ
                0x08000630       0x1c Drivers/STM32F4xx_HAL_Driver/Src/stm32f4xx_hal_cortex.o
                0x08000630                HAL_NVIC_ClearPendingIRQ
 .text.HAL_SYSTICK_CLKSourceConfig
                0x0800064c       0x20 Drivers/STM32F4xx_HAL_Driver/Src/stm32f4xx_hal_cortex.o
                0x0800064c                HAL_SYSTICK_CLKSourceConfig
 .text.HAL_DMA_Abort_IT
                0x0800066c       0x26 Drivers/STM32F4xx_HAL_Driver/Src/stm32f4xx_hal_dma.o
                0x0800066c                HAL_DMA_Abort_IT
 *fill*         0x08000692        0x2 
 .text.HAL_GPIO_Init
                0x08000694      0x1cc Drivers/STM32F4xx_HAL_Driver/Src/stm32f4xx_hal_gpio.o
                0x08000694                HAL_GPIO_Init
 .text.HAL_GPIO_WritePin
                0x08000860        0xc Drivers/STM32F4xx_HAL_Driver/Src/stm32f4xx_hal_gpio.o
                0x08000860                HAL_GPIO_WritePin
 .text.HAL_RCC_OscConfig
                0x0800086c      0x398 Drivers/STM32F4xx_HAL_Driver/Src/stm32f4xx_hal_rcc.o
                0x0800086c                HAL_RCC_OscConfig
 .text.HAL_RCC_GetSysClockFreq
                0x08000c04       0xd4 Drivers/STM32F4xx_HAL_Driver/Src/stm32f4xx_hal_rcc.o
                0x08000c04                HAL_RCC_GetSysClockFreq
 .text.HAL_RCC_ClockConfig
                0x08000cd8      0x158 Drivers/STM32F4xx_HAL_Driver/Src/stm32f4xx_hal_rcc.o
                0x08000cd8                HAL_RCC_ClockConfig
 .text.HAL_RCC_GetHCLKFreq
                0x08000e30        0xc Drivers/STM32F4xx_HAL_Driver/Src/stm32f4xx_hal_rcc.o
                0x08000e30                HAL_RCC_GetHCLKFreq
 .text.HAL_RCC_GetPCLK1Freq
                0x08000e3c       0x20 Drivers/STM32F4xx_HAL_Driver/Src/stm32f4xx_hal_rcc.o
                0x08000e3c                HAL_RCC_GetPCLK1Freq
 .text.HAL_RCC_GetPCLK2Freq
                0x08000e5c       0x20 Drivers/STM32F4xx_HAL_Driver/Src/stm32f4xx_hal_rcc.o
                0x08000e5c                HAL_RCC_GetPCLK2Freq
 .text.HAL_RCC_GetClockConfig
                0x08000e7c       0x3c Drivers/STM32F4xx_HAL_Driver/Src/stm32f4xx_hal_rcc.o
                0x08000e7c                HAL_RCC_GetClockConfig
 .text.TIM_OC1_SetConfig
                0x08000eb8       0x64 Drivers/STM32F4xx_HAL_Driver/Src/stm32f4xx_hal_tim.o
 .text.TIM_OC3_SetConfig
                0x08000f1c       0x6c Drivers/STM32F4xx_HAL_Driver/Src/stm32f4xx_hal_tim.o
 .text.TIM_OC4_SetConfig
                0x08000f88       0x5c Drivers/STM32F4xx_HAL_Driver/Src/stm32f4xx_hal_tim.o
 .text.HAL_TIM_Base_MspInit
                0x08000fe4        0x2 Drivers/STM32F4xx_HAL_Driver/Src/stm32f4xx_hal_tim.o
                0x08000fe4                HAL_TIM_Base_MspInit
 .text.HAL_TIM_Base_Start_IT
                0x08000fe6       0x18 Drivers/STM32F4xx_HAL_Driver/Src/stm32f4xx_hal_tim.o
                0x08000fe6                HAL_TIM_Base_Start_IT
 .text.HAL_TIM_OC_DelayElapsedCallback
                0x08000ffe        0x2 Drivers/STM32F4xx_HAL_Driver/Src/stm32f4xx_hal_tim.o
                0x08000ffe                HAL_TIM_OC_DelayElapsedCallback
 .text.HAL_TIM_IC_CaptureCallback
                0x08001000        0x2 Drivers/STM32F4xx_HAL_Driver/Src/stm32f4xx_hal_tim.o
                0x08001000                HAL_TIM_IC_CaptureCallback
 .text.HAL_TIM_PWM_PulseFinishedCallback
                0x08001002        0x2 Drivers/STM32F4xx_HAL_Driver/Src/stm32f4xx_hal_tim.o
                0x08001002                HAL_TIM_PWM_PulseFinishedCallback
 .text.HAL_TIM_TriggerCallback
                0x08001004        0x2 Drivers/STM32F4xx_HAL_Driver/Src/stm32f4xx_hal_tim.o
                0x08001004                HAL_TIM_TriggerCallback
 .text.HAL_TIM_IRQHandler
                0x08001006      0x17a Drivers/STM32F4xx_HAL_Driver/Src/stm32f4xx_hal_tim.o
                0x08001006                HAL_TIM_IRQHandler
 .text.TIM_Base_SetConfig
                0x08001180      0x11c Drivers/STM32F4xx_HAL_Driver/Src/stm32f4xx_hal_tim.o
                0x08001180                TIM_Base_SetConfig
 .text.HAL_TIM_Base_Init
                0x0800129c       0x32 Drivers/STM32F4xx_HAL_Driver/Src/stm32f4xx_hal_tim.o
                0x0800129c                HAL_TIM_Base_Init
 .text.HAL_TIM_PWM_Init
                0x080012ce       0x32 Drivers/STM32F4xx_HAL_Driver/Src/stm32f4xx_hal_tim.o
                0x080012ce                HAL_TIM_PWM_Init
 .text.TIM_OC2_SetConfig
                0x08001300       0x70 Drivers/STM32F4xx_HAL_Driver/Src/stm32f4xx_hal_tim.o
                0x08001300                TIM_OC2_SetConfig
 .text.HAL_TIM_PWM_ConfigChannel
                0x08001370       0xdc Drivers/STM32F4xx_HAL_Driver/Src/stm32f4xx_hal_tim.o
                0x08001370                HAL_TIM_PWM_ConfigChannel
 .text.TIM_CCxChannelCmd
                0x0800144c       0x1e Drivers/STM32F4xx_HAL_Driver/Src/stm32f4xx_hal_tim.o
                0x0800144c                TIM_CCxChannelCmd
 *fill*         0x0800146a        0x2 
 .text.HAL_TIM_PWM_Start
                0x0800146c       0x44 Drivers/STM32F4xx_HAL_Driver/Src/stm32f4xx_hal_tim.o
                0x0800146c                HAL_TIM_PWM_Start
 .text.HAL_TIMEx_MasterConfigSynchronization
                0x080014b0       0x52 Drivers/STM32F4xx_HAL_Driver/Src/stm32f4xx_hal_tim_ex.o
                0x080014b0                HAL_TIMEx_MasterConfigSynchronization
 .text.HAL_TIMEx_CommutationCallback
                0x08001502        0x2 Drivers/STM32F4xx_HAL_Driver/Src/stm32f4xx_hal_tim_ex.o
                0x08001502                HAL_TIMEx_CommutationCallback
 .text.HAL_TIMEx_BreakCallback
                0x08001504        0x2 Drivers/STM32F4xx_HAL_Driver/Src/stm32f4xx_hal_tim_ex.o
                0x08001504                HAL_TIMEx_BreakCallback
 .text.UART_EndRxTransfer
                0x08001506       0x1c Drivers/STM32F4xx_HAL_Driver/Src/stm32f4xx_hal_uart.o
 .text.UART_Transmit_IT
                0x08001522       0x6a Drivers/STM32F4xx_HAL_Driver/Src/stm32f4xx_hal_uart.o
 .text.UART_SetConfig
                0x0800158c      0x344 Drivers/STM32F4xx_HAL_Driver/Src/stm32f4xx_hal_uart.o
 .text.HAL_UART_Init
                0x080018d0       0x5e Drivers/STM32F4xx_HAL_Driver/Src/stm32f4xx_hal_uart.o
                0x080018d0                HAL_UART_Init
 .text.HAL_UART_Receive_IT
                0x0800192e       0x52 Drivers/STM32F4xx_HAL_Driver/Src/stm32f4xx_hal_uart.o
                0x0800192e                HAL_UART_Receive_IT
 .text.HAL_UART_TxCpltCallback
                0x08001980        0x2 Drivers/STM32F4xx_HAL_Driver/Src/stm32f4xx_hal_uart.o
                0x08001980                HAL_UART_TxCpltCallback
 .text.UART_EndTransmit_IT
                0x08001982       0x1a Drivers/STM32F4xx_HAL_Driver/Src/stm32f4xx_hal_uart.o
 .text.HAL_UART_RxCpltCallback
                0x0800199c        0x2 Drivers/STM32F4xx_HAL_Driver/Src/stm32f4xx_hal_uart.o
                0x0800199c                HAL_UART_RxCpltCallback
 .text.UART_Receive_IT
                0x0800199e       0x94 Drivers/STM32F4xx_HAL_Driver/Src/stm32f4xx_hal_uart.o
 .text.HAL_UART_ErrorCallback
                0x08001a32        0x2 Drivers/STM32F4xx_HAL_Driver/Src/stm32f4xx_hal_uart.o
                0x08001a32                HAL_UART_ErrorCallback
 .text.HAL_UART_IRQHandler
                0x08001a34      0x120 Drivers/STM32F4xx_HAL_Driver/Src/stm32f4xx_hal_uart.o
                0x08001a34                HAL_UART_IRQHandler
 .text.UART_DMAAbortOnError
                0x08001b54       0x10 Drivers/STM32F4xx_HAL_Driver/Src/stm32f4xx_hal_uart.o
 .text.makeFreeRtosPriority
                0x08001b64        0xc Middlewares/Third_Party/FreeRTOS/Source/CMSIS_RTOS/cmsis_os.o
 .text.osKernelStart
                0x08001b70        0xa Middlewares/Third_Party/FreeRTOS/Source/CMSIS_RTOS/cmsis_os.o
                0x08001b70                osKernelStart
 .text.osThreadCreate
                0x08001b7a       0x34 Middlewares/Third_Party/FreeRTOS/Source/CMSIS_RTOS/cmsis_os.o
                0x08001b7a                osThreadCreate
 .text.osDelay  0x08001bae       0x12 Middlewares/Third_Party/FreeRTOS/Source/CMSIS_RTOS/cmsis_os.o
                0x08001bae                osDelay
 .text.osSystickHandler
                0x08001bc0       0x10 Middlewares/Third_Party/FreeRTOS/Source/CMSIS_RTOS/cmsis_os.o
                0x08001bc0                osSystickHandler
 .text.vListInitialise
                0x08001bd0       0x16 Middlewares/Third_Party/FreeRTOS/Source/list.o
                0x08001bd0                vListInitialise
 .text.vListInitialiseItem
                0x08001be6        0x6 Middlewares/Third_Party/FreeRTOS/Source/list.o
                0x08001be6                vListInitialiseItem
 .text.vListInsertEnd
                0x08001bec       0x18 Middlewares/Third_Party/FreeRTOS/Source/list.o
                0x08001bec                vListInsertEnd
 .text.vListInsert
                0x08001c04       0x34 Middlewares/Third_Party/FreeRTOS/Source/list.o
                0x08001c04                vListInsert
 .text.uxListRemove
                0x08001c38       0x26 Middlewares/Third_Party/FreeRTOS/Source/list.o
                0x08001c38                uxListRemove
 *fill*         0x08001c5e        0x2 
 .text.prvResetNextTaskUnblockTime
                0x08001c60       0x2c Middlewares/Third_Party/FreeRTOS/Source/tasks.o
 .text.prvDeleteTCB
                0x08001c8c       0x12 Middlewares/Third_Party/FreeRTOS/Source/tasks.o
 .text.prvInitialiseNewTask
                0x08001c9e       0x80 Middlewares/Third_Party/FreeRTOS/Source/tasks.o
 *fill*         0x08001d1e        0x2 
 .text.prvInitialiseTaskLists
                0x08001d20       0x58 Middlewares/Third_Party/FreeRTOS/Source/tasks.o
 .text.prvAddNewTaskToReadyList
                0x08001d78       0xac Middlewares/Third_Party/FreeRTOS/Source/tasks.o
 .text.prvAddCurrentTaskToDelayedList
                0x08001e24       0x88 Middlewares/Third_Party/FreeRTOS/Source/tasks.o
 .text.xTaskCreate
                0x08001eac       0x62 Middlewares/Third_Party/FreeRTOS/Source/tasks.o
                0x08001eac                xTaskCreate
 *fill*         0x08001f0e        0x2 
 .text.vTaskStartScheduler
                0x08001f10       0x74 Middlewares/Third_Party/FreeRTOS/Source/tasks.o
                0x08001f10                vTaskStartScheduler
 .text.vTaskSuspendAll
                0x08001f84       0x14 Middlewares/Third_Party/FreeRTOS/Source/tasks.o
                0x08001f84                vTaskSuspendAll
 .text.xTaskIncrementTick
                0x08001f98      0x114 Middlewares/Third_Party/FreeRTOS/Source/tasks.o
                0x08001f98                xTaskIncrementTick
 .text.xTaskResumeAll
                0x080020ac       0xf4 Middlewares/Third_Party/FreeRTOS/Source/tasks.o
                0x080020ac                xTaskResumeAll
 .text.vTaskDelay
                0x080021a0       0x50 Middlewares/Third_Party/FreeRTOS/Source/tasks.o
                0x080021a0                vTaskDelay
 .text.prvCheckTasksWaitingTermination
                0x080021f0       0x54 Middlewares/Third_Party/FreeRTOS/Source/tasks.o
 .text.prvIdleTask
                0x08002244       0x28 Middlewares/Third_Party/FreeRTOS/Source/tasks.o
 .text.vTaskSwitchContext
                0x0800226c       0x90 Middlewares/Third_Party/FreeRTOS/Source/tasks.o
                0x0800226c                vTaskSwitchContext
 .text.xTaskGetSchedulerState
                0x080022fc       0x20 Middlewares/Third_Party/FreeRTOS/Source/tasks.o
                0x080022fc                xTaskGetSchedulerState
 .text.prvTaskExitError
                0x0800231c       0x34 Middlewares/Third_Party/FreeRTOS/Source/portable/GCC/ARM_CM4F/port.o
 .text.prvPortStartFirstTask
                0x08002350       0x20 Middlewares/Third_Party/FreeRTOS/Source/portable/GCC/ARM_CM4F/port.o
 .text.vPortEnableVFP
                0x08002370       0x14 Middlewares/Third_Party/FreeRTOS/Source/portable/GCC/ARM_CM4F/port.o
 .text.pxPortInitialiseStack
                0x08002384       0x2c Middlewares/Third_Party/FreeRTOS/Source/portable/GCC/ARM_CM4F/port.o
                0x08002384                pxPortInitialiseStack
 .text.SVC_Handler
                0x080023b0       0x24 Middlewares/Third_Party/FreeRTOS/Source/portable/GCC/ARM_CM4F/port.o
                0x080023b0                SVC_Handler
 .text.vPortEnterCritical
                0x080023d4       0x44 Middlewares/Third_Party/FreeRTOS/Source/portable/GCC/ARM_CM4F/port.o
                0x080023d4                vPortEnterCritical
 .text.vPortExitCritical
                0x08002418       0x2c Middlewares/Third_Party/FreeRTOS/Source/portable/GCC/ARM_CM4F/port.o
                0x08002418                vPortExitCritical
 *fill*         0x08002444        0xc 
 .text.PendSV_Handler
                0x08002450       0x64 Middlewares/Third_Party/FreeRTOS/Source/portable/GCC/ARM_CM4F/port.o
                0x08002450                PendSV_Handler
 .text.xPortSysTickHandler
                0x080024b4       0x2c Middlewares/Third_Party/FreeRTOS/Source/portable/GCC/ARM_CM4F/port.o
                0x080024b4                xPortSysTickHandler
 .text.vPortSetupTimerInterrupt
                0x080024e0       0x2c Middlewares/Third_Party/FreeRTOS/Source/portable/GCC/ARM_CM4F/port.o
                0x080024e0                vPortSetupTimerInterrupt
 .text.xPortStartScheduler
                0x0800250c       0xe8 Middlewares/Third_Party/FreeRTOS/Source/portable/GCC/ARM_CM4F/port.o
                0x0800250c                xPortStartScheduler
 .text.prvHeapInit
                0x080025f4       0x58 Middlewares/Third_Party/FreeRTOS/Source/portable/MemMang/heap_4.o
 .text.prvInsertBlockIntoFreeList
                0x0800264c       0x58 Middlewares/Third_Party/FreeRTOS/Source/portable/MemMang/heap_4.o
 .text.pvPortMalloc
                0x080026a4      0x10c Middlewares/Third_Party/FreeRTOS/Source/portable/MemMang/heap_4.o
                0x080026a4                pvPortMalloc
 .text.vPortFree
                0x080027b0       0x70 Middlewares/Third_Party/FreeRTOS/Source/portable/MemMang/heap_4.o
                0x080027b0                vPortFree
 .text.Function_LED
                0x08002820      0x108 Src/freertos.o
                0x08002820                Function_LED
 .text.Function_PWM
                0x08002928       0x68 Src/freertos.o
                0x08002928                Function_PWM
 .text.Function_USART
                0x08002990      0x1c0 Src/freertos.o
                0x08002990                Function_USART
 .text.MX_FREERTOS_Init
                0x08002b50       0x64 Src/freertos.o
                0x08002b50                MX_FREERTOS_Init
 .text.MX_GPIO_Init
                0x08002bb4       0x9c Src/gpio.o
                0x08002bb4                MX_GPIO_Init
 .text.HAL_TIM_PeriodElapsedCallback
                0x08002c50       0x18 Src/main.o
                0x08002c50                HAL_TIM_PeriodElapsedCallback
 .text._Error_Handler
                0x08002c68        0x2 Src/main.o
                0x08002c68                _Error_Handler
 *fill*         0x08002c6a        0x2 
 .text.SystemClock_Config
                0x08002c6c       0xc8 Src/main.o
                0x08002c6c                SystemClock_Config
 .text.main     0x08002d34       0x20 Src/main.o
                0x08002d34                main
 .text.HAL_MspInit
                0x08002d54       0x5e Src/stm32f4xx_hal_msp.o
                0x08002d54                HAL_MspInit
 *fill*         0x08002db2        0x2 
 .text.HAL_InitTick
                0x08002db4       0x7c Src/stm32f4xx_hal_timebase_TIM.o
                0x08002db4                HAL_InitTick
 .text.NMI_Handler
                0x08002e30        0x2 Src/stm32f4xx_it.o
                0x08002e30                NMI_Handler
 .text.HardFault_Handler
                0x08002e32        0x2 Src/stm32f4xx_it.o
                0x08002e32                HardFault_Handler
 .text.MemManage_Handler
                0x08002e34        0x2 Src/stm32f4xx_it.o
                0x08002e34                MemManage_Handler
 .text.BusFault_Handler
                0x08002e36        0x2 Src/stm32f4xx_it.o
                0x08002e36                BusFault_Handler
 .text.UsageFault_Handler
                0x08002e38        0x2 Src/stm32f4xx_it.o
                0x08002e38                UsageFault_Handler
 .text.DebugMon_Handler
                0x08002e3a        0x2 Src/stm32f4xx_it.o
                0x08002e3a                DebugMon_Handler
 .text.SysTick_Handler
                0x08002e3c        0x8 Src/stm32f4xx_it.o
                0x08002e3c                SysTick_Handler
 .text.TIM4_IRQHandler
                0x08002e44       0x10 Src/stm32f4xx_it.o
                0x08002e44                TIM4_IRQHandler
 .text.USART1_IRQHandler
                0x08002e54       0xa4 Src/stm32f4xx_it.o
                0x08002e54                USART1_IRQHandler
 .text.SystemInit
                0x08002ef8       0x4c Src/system_stm32f4xx.o
                0x08002ef8                SystemInit
 .text.HAL_TIM_PWM_MspInit
                0x08002f44       0x2c Src/tim.o
                0x08002f44                HAL_TIM_PWM_MspInit
 .text.HAL_TIM_MspPostInit
                0x08002f70       0x4c Src/tim.o
                0x08002f70                HAL_TIM_MspPostInit
 .text.MX_TIM2_Init
                0x08002fbc       0xc0 Src/tim.o
                0x08002fbc                MX_TIM2_Init
 .text.MX_USART1_UART_Init
                0x0800307c       0x40 Src/usart.o
                0x0800307c                MX_USART1_UART_Init
 .text.HAL_UART_MspInit
                0x080030bc       0x60 Src/usart.o
                0x080030bc                HAL_UART_MspInit
 .text.Reset_Handler
                0x0800311c       0x50 startup/startup_stm32f407xx.o
                0x0800311c                Reset_Handler
 .text.Default_Handler
                0x0800316c        0x2 startup/startup_stm32f407xx.o
                0x0800316c                RTC_Alarm_IRQHandler
                0x0800316c                HASH_RNG_IRQHandler
                0x0800316c                EXTI2_IRQHandler
                0x0800316c                TIM8_CC_IRQHandler
                0x0800316c                TIM1_CC_IRQHandler
                0x0800316c                DMA2_Stream5_IRQHandler
                0x0800316c                DMA1_Stream5_IRQHandler
                0x0800316c                PVD_IRQHandler
                0x0800316c                SDIO_IRQHandler
                0x0800316c                TAMP_STAMP_IRQHandler
                0x0800316c                CAN2_RX1_IRQHandler
                0x0800316c                EXTI3_IRQHandler
                0x0800316c                TIM8_TRG_COM_TIM14_IRQHandler
                0x0800316c                TIM1_UP_TIM10_IRQHandler
                0x0800316c                TIM8_UP_TIM13_IRQHandler
                0x0800316c                I2C3_ER_IRQHandler
                0x0800316c                EXTI0_IRQHandler
                0x0800316c                I2C2_EV_IRQHandler
                0x0800316c                DMA1_Stream2_IRQHandler
                0x0800316c                CAN1_RX0_IRQHandler
                0x0800316c                FPU_IRQHandler
                0x0800316c                OTG_HS_WKUP_IRQHandler
                0x0800316c                CAN2_SCE_IRQHandler
                0x0800316c                DMA2_Stream2_IRQHandler
                0x0800316c                SPI1_IRQHandler
                0x0800316c                TIM6_DAC_IRQHandler
                0x0800316c                TIM1_BRK_TIM9_IRQHandler
                0x0800316c                DCMI_IRQHandler
                0x0800316c                CAN2_RX0_IRQHandler
                0x0800316c                DMA2_Stream3_IRQHandler
                0x0800316c                USART6_IRQHandler
                0x0800316c                USART3_IRQHandler
                0x0800316c                CAN1_RX1_IRQHandler
                0x0800316c                UART5_IRQHandler
                0x0800316c                DMA2_Stream0_IRQHandler
                0x0800316c                I2C1_EV_IRQHandler
                0x0800316c                DMA1_Stream6_IRQHandler
                0x0800316c                DMA1_Stream1_IRQHandler
                0x0800316c                UART4_IRQHandler
                0x0800316c                TIM3_IRQHandler
                0x0800316c                RCC_IRQHandler
                0x0800316c                TIM8_BRK_TIM12_IRQHandler
                0x0800316c                Default_Handler
                0x0800316c                EXTI15_10_IRQHandler
                0x0800316c                ADC_IRQHandler
                0x0800316c                DMA1_Stream7_IRQHandler
                0x0800316c                TIM7_IRQHandler
                0x0800316c                CAN2_TX_IRQHandler
                0x0800316c                TIM5_IRQHandler
                0x0800316c                DMA2_Stream7_IRQHandler
                0x0800316c                I2C3_EV_IRQHandler
                0x0800316c                EXTI9_5_IRQHandler
                0x0800316c                RTC_WKUP_IRQHandler
                0x0800316c                ETH_WKUP_IRQHandler
                0x0800316c                SPI2_IRQHandler
                0x0800316c                OTG_HS_EP1_IN_IRQHandler
                0x0800316c                DMA1_Stream0_IRQHandler
                0x0800316c                CAN1_TX_IRQHandler
                0x0800316c                EXTI4_IRQHandler
                0x0800316c                FSMC_IRQHandler
                0x0800316c                ETH_IRQHandler
                0x0800316c                OTG_HS_EP1_OUT_IRQHandler
                0x0800316c                WWDG_IRQHandler
                0x0800316c                TIM2_IRQHandler
                0x0800316c                OTG_FS_WKUP_IRQHandler
                0x0800316c                TIM1_TRG_COM_TIM11_IRQHandler
                0x0800316c                OTG_HS_IRQHandler
                0x0800316c                EXTI1_IRQHandler
                0x0800316c                USART2_IRQHandler
                0x0800316c                I2C2_ER_IRQHandler
                0x0800316c                DMA2_Stream1_IRQHandler
                0x0800316c                CAN1_SCE_IRQHandler
                0x0800316c                FLASH_IRQHandler
                0x0800316c                DMA2_Stream4_IRQHandler
                0x0800316c                OTG_FS_IRQHandler
                0x0800316c                SPI3_IRQHandler
                0x0800316c                DMA1_Stream4_IRQHandler
                0x0800316c                I2C1_ER_IRQHandler
                0x0800316c                DMA2_Stream6_IRQHandler
                0x0800316c                DMA1_Stream3_IRQHandler
 *fill*         0x0800316e        0x2 
 .text.__libc_init_array
                0x08003170       0x48 d:/sw4stm32/plugins/fr.ac6.mcu.externaltools.arm-none.win32_1.15.0.201708311556/tools/compiler/bin/../lib/gcc/arm-none-eabi/6.3.1/../../../../arm-none-eabi/lib/thumb/v7e-m/fpv4-sp/hard\libc_nano.a(lib_a-init.o)
                0x08003170                __libc_init_array
 .text.memcpy   0x080031b8       0x16 d:/sw4stm32/plugins/fr.ac6.mcu.externaltools.arm-none.win32_1.15.0.201708311556/tools/compiler/bin/../lib/gcc/arm-none-eabi/6.3.1/../../../../arm-none-eabi/lib/thumb/v7e-m/fpv4-sp/hard\libc_nano.a(lib_a-memcpy-stub.o)
                0x080031b8                memcpy
 *(.glue_7)
 .glue_7        0x080031ce        0x0 linker stubs
 *(.glue_7t)
 .glue_7t       0x080031ce        0x0 linker stubs
 *(.eh_frame)
 *fill*         0x080031ce        0x2 
 .eh_frame      0x080031d0        0x0 d:/sw4stm32/plugins/fr.ac6.mcu.externaltools.arm-none.win32_1.15.0.201708311556/tools/compiler/bin/../lib/gcc/arm-none-eabi/6.3.1/thumb/v7e-m/fpv4-sp/hard/crtbegin.o
 *(.init)
 .init          0x080031d0        0x4 d:/sw4stm32/plugins/fr.ac6.mcu.externaltools.arm-none.win32_1.15.0.201708311556/tools/compiler/bin/../lib/gcc/arm-none-eabi/6.3.1/thumb/v7e-m/fpv4-sp/hard/crti.o
                0x080031d0                _init
 .init          0x080031d4        0x8 d:/sw4stm32/plugins/fr.ac6.mcu.externaltools.arm-none.win32_1.15.0.201708311556/tools/compiler/bin/../lib/gcc/arm-none-eabi/6.3.1/thumb/v7e-m/fpv4-sp/hard/crtn.o
 *(.fini)
 .fini          0x080031dc        0x4 d:/sw4stm32/plugins/fr.ac6.mcu.externaltools.arm-none.win32_1.15.0.201708311556/tools/compiler/bin/../lib/gcc/arm-none-eabi/6.3.1/thumb/v7e-m/fpv4-sp/hard/crti.o
                0x080031dc                _fini
 .fini          0x080031e0        0x8 d:/sw4stm32/plugins/fr.ac6.mcu.externaltools.arm-none.win32_1.15.0.201708311556/tools/compiler/bin/../lib/gcc/arm-none-eabi/6.3.1/thumb/v7e-m/fpv4-sp/hard/crtn.o
                0x080031e8                . = ALIGN (0x4)
                0x080031e8                _etext = .

.vfp11_veneer   0x080031e8        0x0
 .vfp11_veneer  0x080031e8        0x0 linker stubs

.v4_bx          0x080031e8        0x0
 .v4_bx         0x080031e8        0x0 linker stubs

.iplt           0x080031e8        0x0
 .iplt          0x080031e8        0x0 d:/sw4stm32/plugins/fr.ac6.mcu.externaltools.arm-none.win32_1.15.0.201708311556/tools/compiler/bin/../lib/gcc/arm-none-eabi/6.3.1/thumb/v7e-m/fpv4-sp/hard/crtbegin.o

.rodata         0x080031e8       0xb0
                0x080031e8                . = ALIGN (0x4)
 *(.rodata)
 .rodata        0x080031e8       0x3c Src/freertos.o
 .rodata        0x08003224       0x18 Src/system_stm32f4xx.o
                0x08003224                AHBPrescTable
                0x08003234                APBPrescTable
 *(.rodata*)
 .rodata.str1.4
                0x0800323c        0x5 Middlewares/Third_Party/FreeRTOS/Source/tasks.o
 *fill*         0x08003241        0x3 
 .rodata.str1.4
                0x08003244       0x21 Src/freertos.o
 *fill*         0x08003265        0x3 
 .rodata.str1.4
                0x08003268        0xe Src/main.o
 *fill*         0x08003276        0x2 
 .rodata.str1.4
                0x08003278        0xd Src/tim.o
 *fill*         0x08003285        0x3 
 .rodata.str1.4
                0x08003288       0x10 Src/usart.o
                                  0xf (size before relaxing)
                0x08003298                . = ALIGN (0x4)

.ARM.extab
 *(.ARM.extab* .gnu.linkonce.armextab.*)

.ARM            0x08003298        0x8
                0x08003298                __exidx_start = .
 *(.ARM.exidx*)
 .ARM.exidx     0x08003298        0x8 d:/sw4stm32/plugins/fr.ac6.mcu.externaltools.arm-none.win32_1.15.0.201708311556/tools/compiler/bin/../lib/gcc/arm-none-eabi/6.3.1/thumb/v7e-m/fpv4-sp/hard\libgcc.a(_udivmoddi4.o)
                0x080032a0                __exidx_end = .

.rel.dyn        0x080032a0        0x0
 .rel.iplt      0x080032a0        0x0 d:/sw4stm32/plugins/fr.ac6.mcu.externaltools.arm-none.win32_1.15.0.201708311556/tools/compiler/bin/../lib/gcc/arm-none-eabi/6.3.1/thumb/v7e-m/fpv4-sp/hard/crtbegin.o

.preinit_array  0x080032a0        0x0
                0x080032a0                PROVIDE (__preinit_array_start, .)
 *(.preinit_array*)
                0x080032a0                PROVIDE (__preinit_array_end, .)

.init_array     0x080032a0        0x4
                0x080032a0                PROVIDE (__init_array_start, .)
 *(SORT(.init_array.*))
 *(.init_array*)
 .init_array    0x080032a0        0x4 d:/sw4stm32/plugins/fr.ac6.mcu.externaltools.arm-none.win32_1.15.0.201708311556/tools/compiler/bin/../lib/gcc/arm-none-eabi/6.3.1/thumb/v7e-m/fpv4-sp/hard/crtbegin.o
                0x080032a4                PROVIDE (__init_array_end, .)

.fini_array     0x080032a4        0x4
                [!provide]                PROVIDE (__fini_array_start, .)
 *(SORT(.fini_array.*))
 *(.fini_array*)
 .fini_array    0x080032a4        0x4 d:/sw4stm32/plugins/fr.ac6.mcu.externaltools.arm-none.win32_1.15.0.201708311556/tools/compiler/bin/../lib/gcc/arm-none-eabi/6.3.1/thumb/v7e-m/fpv4-sp/hard/crtbegin.o
                [!provide]                PROVIDE (__fini_array_end, .)
                0x080032a8                _sidata = LOADADDR (.data)

.data           0x20000000       0x10 load address 0x080032a8
                0x20000000                . = ALIGN (0x4)
                0x20000000                _sdata = .
 *(.data)
 .data          0x20000000        0x8 Drivers/STM32F4xx_HAL_Driver/Src/stm32f4xx_hal.o
                0x20000000                uwTickFreq
                0x20000004                uwTickPrio
 .data          0x20000008        0x4 Middlewares/Third_Party/FreeRTOS/Source/portable/GCC/ARM_CM4F/port.o
 .data          0x2000000c        0x4 Src/system_stm32f4xx.o
                0x2000000c                SystemCoreClock
 *(.data*)
                0x20000010                . = ALIGN (0x4)
                0x20000010                _edata = .
                0x080032b8                _siccmram = LOADADDR (.ccmram)

.jcr            0x20000010        0x0 load address 0x080032b8
 .jcr           0x20000010        0x0 d:/sw4stm32/plugins/fr.ac6.mcu.externaltools.arm-none.win32_1.15.0.201708311556/tools/compiler/bin/../lib/gcc/arm-none-eabi/6.3.1/thumb/v7e-m/fpv4-sp/hard/crtbegin.o

.igot.plt       0x20000010        0x0 load address 0x080032b8
 .igot.plt      0x20000010        0x0 d:/sw4stm32/plugins/fr.ac6.mcu.externaltools.arm-none.win32_1.15.0.201708311556/tools/compiler/bin/../lib/gcc/arm-none-eabi/6.3.1/thumb/v7e-m/fpv4-sp/hard/crtbegin.o

.ccmram         0x10000000        0x0 load address 0x080032b8
                0x10000000                . = ALIGN (0x4)
                0x10000000                _sccmram = .
 *(.ccmram)
 *(.ccmram*)
                0x10000000                . = ALIGN (0x4)
                0x10000000                _eccmram = .
                0x10000000                . = ALIGN (0x4)

.bss            0x20000010     0x3edc
                0x20000010                _sbss = .
                0x20000010                __bss_start__ = _sbss
 *(.bss)
 .bss           0x20000010       0x1c d:/sw4stm32/plugins/fr.ac6.mcu.externaltools.arm-none.win32_1.15.0.201708311556/tools/compiler/bin/../lib/gcc/arm-none-eabi/6.3.1/thumb/v7e-m/fpv4-sp/hard/crtbegin.o
 .bss           0x2000002c      0x12c Middlewares/Third_Party/FreeRTOS/Source/tasks.o
                0x2000012c                pxCurrentTCB
 .bss           0x20000158        0x8 Middlewares/Third_Party/FreeRTOS/Source/portable/GCC/ARM_CM4F/port.o
 .bss           0x20000160     0x3c18 Middlewares/Third_Party/FreeRTOS/Source/portable/MemMang/heap_4.o
 .bss           0x20003d78        0x5 Src/stm32f4xx_it.o
 *(.bss*)
 *(COMMON)
 *fill*         0x20003d7d        0x3 
 COMMON         0x20003d80        0x4 Drivers/STM32F4xx_HAL_Driver/Src/stm32f4xx_hal.o
                0x20003d80                uwTick
 COMMON         0x20003d84       0x4c Src/freertos.o
                0x20003d84                Task_PWMHandle
                0x20003d88                Task_USARTHandle
                0x20003d8c                Task_LEDHandle
                0x20003d90                _channels
 COMMON         0x20003dd0       0x3c Src/stm32f4xx_hal_timebase_TIM.o
                0x20003dd0                htim4
 COMMON         0x20003e0c       0x64 Src/stm32f4xx_it.o
                0x20003e0c                buffer
 COMMON         0x20003e70       0x3c Src/tim.o
                0x20003e70                htim2
 COMMON         0x20003eac       0x40 Src/usart.o
                0x20003eac                huart1
                0x20003eec                . = ALIGN (0x4)
                0x20003eec                _ebss = .
                0x20003eec                __bss_end__ = _ebss

._user_heap_stack
                0x20003eec      0x604
                0x20003ef0                . = ALIGN (0x8)
 *fill*         0x20003eec        0x4 
                [!provide]                PROVIDE (end, .)
                [!provide]                PROVIDE (_end, .)
                0x200040f0                . = (. + _Min_Heap_Size)
 *fill*         0x20003ef0      0x200 
                0x200044f0                . = (. + _Min_Stack_Size)
 *fill*         0x200040f0      0x400 
                0x200044f0                . = ALIGN (0x8)

/DISCARD/
 libc.a(*)
 libm.a(*)
 libgcc.a(*)

.ARM.attributes
                0x00000000       0x30
 *(.ARM.attributes)
 .ARM.attributes
                0x00000000       0x22 d:/sw4stm32/plugins/fr.ac6.mcu.externaltools.arm-none.win32_1.15.0.201708311556/tools/compiler/bin/../lib/gcc/arm-none-eabi/6.3.1/thumb/v7e-m/fpv4-sp/hard/crti.o
 .ARM.attributes
                0x00000022       0x34 d:/sw4stm32/plugins/fr.ac6.mcu.externaltools.arm-none.win32_1.15.0.201708311556/tools/compiler/bin/../lib/gcc/arm-none-eabi/6.3.1/thumb/v7e-m/fpv4-sp/hard/crtbegin.o
 .ARM.attributes
                0x00000056       0x39 Drivers/STM32F4xx_HAL_Driver/Src/stm32f4xx_hal.o
 .ARM.attributes
                0x0000008f       0x39 Drivers/STM32F4xx_HAL_Driver/Src/stm32f4xx_hal_cortex.o
 .ARM.attributes
                0x000000c8       0x39 Drivers/STM32F4xx_HAL_Driver/Src/stm32f4xx_hal_dma.o
 .ARM.attributes
                0x00000101       0x39 Drivers/STM32F4xx_HAL_Driver/Src/stm32f4xx_hal_gpio.o
 .ARM.attributes
                0x0000013a       0x39 Drivers/STM32F4xx_HAL_Driver/Src/stm32f4xx_hal_rcc.o
 .ARM.attributes
                0x00000173       0x39 Drivers/STM32F4xx_HAL_Driver/Src/stm32f4xx_hal_tim.o
 .ARM.attributes
                0x000001ac       0x39 Drivers/STM32F4xx_HAL_Driver/Src/stm32f4xx_hal_tim_ex.o
 .ARM.attributes
                0x000001e5       0x39 Drivers/STM32F4xx_HAL_Driver/Src/stm32f4xx_hal_uart.o
 .ARM.attributes
                0x0000021e       0x39 Middlewares/Third_Party/FreeRTOS/Source/CMSIS_RTOS/cmsis_os.o
 .ARM.attributes
                0x00000257       0x39 Middlewares/Third_Party/FreeRTOS/Source/list.o
 .ARM.attributes
                0x00000290       0x39 Middlewares/Third_Party/FreeRTOS/Source/tasks.o
 .ARM.attributes
                0x000002c9       0x39 Middlewares/Third_Party/FreeRTOS/Source/portable/GCC/ARM_CM4F/port.o
 .ARM.attributes
                0x00000302       0x39 Middlewares/Third_Party/FreeRTOS/Source/portable/MemMang/heap_4.o
 .ARM.attributes
                0x0000033b       0x39 Src/freertos.o
 .ARM.attributes
                0x00000374       0x39 Src/gpio.o
 .ARM.attributes
                0x000003ad       0x39 Src/main.o
 .ARM.attributes
                0x000003e6       0x39 Src/stm32f4xx_hal_msp.o
 .ARM.attributes
                0x0000041f       0x39 Src/stm32f4xx_hal_timebase_TIM.o
 .ARM.attributes
                0x00000458       0x39 Src/stm32f4xx_it.o
 .ARM.attributes
                0x00000491       0x39 Src/system_stm32f4xx.o
 .ARM.attributes
                0x000004ca       0x39 Src/tim.o
 .ARM.attributes
                0x00000503       0x39 Src/usart.o
 .ARM.attributes
                0x0000053c       0x21 startup/startup_stm32f407xx.o
 .ARM.attributes
                0x0000055d       0x22 d:/sw4stm32/plugins/fr.ac6.mcu.externaltools.arm-none.win32_1.15.0.201708311556/tools/compiler/bin/../lib/gcc/arm-none-eabi/6.3.1/thumb/v7e-m/fpv4-sp/hard\libgcc.a(_aeabi_uldivmod.o)
 .ARM.attributes
                0x0000057f       0x34 d:/sw4stm32/plugins/fr.ac6.mcu.externaltools.arm-none.win32_1.15.0.201708311556/tools/compiler/bin/../lib/gcc/arm-none-eabi/6.3.1/thumb/v7e-m/fpv4-sp/hard\libgcc.a(_udivmoddi4.o)
 .ARM.attributes
                0x000005b3       0x22 d:/sw4stm32/plugins/fr.ac6.mcu.externaltools.arm-none.win32_1.15.0.201708311556/tools/compiler/bin/../lib/gcc/arm-none-eabi/6.3.1/thumb/v7e-m/fpv4-sp/hard\libgcc.a(_dvmd_tls.o)
 .ARM.attributes
                0x000005d5       0x34 d:/sw4stm32/plugins/fr.ac6.mcu.externaltools.arm-none.win32_1.15.0.201708311556/tools/compiler/bin/../lib/gcc/arm-none-eabi/6.3.1/../../../../arm-none-eabi/lib/thumb/v7e-m/fpv4-sp/hard\libc_nano.a(lib_a-init.o)
 .ARM.attributes
                0x00000609       0x34 d:/sw4stm32/plugins/fr.ac6.mcu.externaltools.arm-none.win32_1.15.0.201708311556/tools/compiler/bin/../lib/gcc/arm-none-eabi/6.3.1/../../../../arm-none-eabi/lib/thumb/v7e-m/fpv4-sp/hard\libc_nano.a(lib_a-memcpy-stub.o)
 .ARM.attributes
                0x0000063d       0x22 d:/sw4stm32/plugins/fr.ac6.mcu.externaltools.arm-none.win32_1.15.0.201708311556/tools/compiler/bin/../lib/gcc/arm-none-eabi/6.3.1/thumb/v7e-m/fpv4-sp/hard/crtn.o
OUTPUT(fly.elf elf32-littlearm)

.debug_info     0x00000000    0x1db3d
 .debug_info    0x00000000     0x11dc Drivers/STM32F4xx_HAL_Driver/Src/stm32f4xx_hal.o
 .debug_info    0x000011dc     0x175a Drivers/STM32F4xx_HAL_Driver/Src/stm32f4xx_hal_cortex.o
 .debug_info    0x00002936     0x127c Drivers/STM32F4xx_HAL_Driver/Src/stm32f4xx_hal_dma.o
 .debug_info    0x00003bb2      0xf97 Drivers/STM32F4xx_HAL_Driver/Src/stm32f4xx_hal_gpio.o
 .debug_info    0x00004b49     0x125f Drivers/STM32F4xx_HAL_Driver/Src/stm32f4xx_hal_rcc.o
 .debug_info    0x00005da8     0x3684 Drivers/STM32F4xx_HAL_Driver/Src/stm32f4xx_hal_tim.o
 .debug_info    0x0000942c     0x1b26 Drivers/STM32F4xx_HAL_Driver/Src/stm32f4xx_hal_tim_ex.o
 .debug_info    0x0000af52     0x1f1d Drivers/STM32F4xx_HAL_Driver/Src/stm32f4xx_hal_uart.o
 .debug_info    0x0000ce6f     0x2321 Middlewares/Third_Party/FreeRTOS/Source/CMSIS_RTOS/cmsis_os.o
 .debug_info    0x0000f190      0xad4 Middlewares/Third_Party/FreeRTOS/Source/list.o
 .debug_info    0x0000fc64     0x2922 Middlewares/Third_Party/FreeRTOS/Source/tasks.o
 .debug_info    0x00012586      0x534 Middlewares/Third_Party/FreeRTOS/Source/portable/GCC/ARM_CM4F/port.o
 .debug_info    0x00012aba      0xc78 Middlewares/Third_Party/FreeRTOS/Source/portable/MemMang/heap_4.o
 .debug_info    0x00013732     0x14f8 Src/freertos.o
 .debug_info    0x00014c2a      0xd10 Src/gpio.o
 .debug_info    0x0001593a     0x17b5 Src/main.o
 .debug_info    0x000170ef      0xc75 Src/stm32f4xx_hal_msp.o
 .debug_info    0x00017d64     0x13d3 Src/stm32f4xx_hal_timebase_TIM.o
 .debug_info    0x00019137     0x141a Src/stm32f4xx_it.o
 .debug_info    0x0001a551      0xd30 Src/system_stm32f4xx.o
 .debug_info    0x0001b281     0x1432 Src/tim.o
 .debug_info    0x0001c6b3     0x1425 Src/usart.o
 .debug_info    0x0001dad8       0x65 startup/startup_stm32f407xx.o

.debug_abbrev   0x00000000     0x3cd7
 .debug_abbrev  0x00000000      0x2e3 Drivers/STM32F4xx_HAL_Driver/Src/stm32f4xx_hal.o
 .debug_abbrev  0x000002e3      0x3d4 Drivers/STM32F4xx_HAL_Driver/Src/stm32f4xx_hal_cortex.o
 .debug_abbrev  0x000006b7      0x328 Drivers/STM32F4xx_HAL_Driver/Src/stm32f4xx_hal_dma.o
 .debug_abbrev  0x000009df      0x2a5 Drivers/STM32F4xx_HAL_Driver/Src/stm32f4xx_hal_gpio.o
 .debug_abbrev  0x00000c84      0x331 Drivers/STM32F4xx_HAL_Driver/Src/stm32f4xx_hal_rcc.o
 .debug_abbrev  0x00000fb5      0x2dc Drivers/STM32F4xx_HAL_Driver/Src/stm32f4xx_hal_tim.o
 .debug_abbrev  0x00001291      0x2dc Drivers/STM32F4xx_HAL_Driver/Src/stm32f4xx_hal_tim_ex.o
 .debug_abbrev  0x0000156d      0x342 Drivers/STM32F4xx_HAL_Driver/Src/stm32f4xx_hal_uart.o
 .debug_abbrev  0x000018af      0x3d0 Middlewares/Third_Party/FreeRTOS/Source/CMSIS_RTOS/cmsis_os.o
 .debug_abbrev  0x00001c7f      0x21c Middlewares/Third_Party/FreeRTOS/Source/list.o
 .debug_abbrev  0x00001e9b      0x3cd Middlewares/Third_Party/FreeRTOS/Source/tasks.o
 .debug_abbrev  0x00002268      0x205 Middlewares/Third_Party/FreeRTOS/Source/portable/GCC/ARM_CM4F/port.o
 .debug_abbrev  0x0000246d      0x318 Middlewares/Third_Party/FreeRTOS/Source/portable/MemMang/heap_4.o
 .debug_abbrev  0x00002785      0x26c Src/freertos.o
 .debug_abbrev  0x000029f1      0x229 Src/gpio.o
 .debug_abbrev  0x00002c1a      0x297 Src/main.o
 .debug_abbrev  0x00002eb1      0x209 Src/stm32f4xx_hal_msp.o
 .debug_abbrev  0x000030ba      0x295 Src/stm32f4xx_hal_timebase_TIM.o
 .debug_abbrev  0x0000334f      0x2a0 Src/stm32f4xx_it.o
 .debug_abbrev  0x000035ef      0x205 Src/system_stm32f4xx.o
 .debug_abbrev  0x000037f4      0x272 Src/tim.o
 .debug_abbrev  0x00003a66      0x25f Src/usart.o
 .debug_abbrev  0x00003cc5       0x12 startup/startup_stm32f407xx.o

.debug_loc      0x00000000     0x9dfc
 .debug_loc     0x00000000      0x108 Drivers/STM32F4xx_HAL_Driver/Src/stm32f4xx_hal.o
 .debug_loc     0x00000108      0x5ce Drivers/STM32F4xx_HAL_Driver/Src/stm32f4xx_hal_cortex.o
 .debug_loc     0x000006d6      0xae1 Drivers/STM32F4xx_HAL_Driver/Src/stm32f4xx_hal_dma.o
 .debug_loc     0x000011b7      0x3fd Drivers/STM32F4xx_HAL_Driver/Src/stm32f4xx_hal_gpio.o
 .debug_loc     0x000015b4      0x3e6 Drivers/STM32F4xx_HAL_Driver/Src/stm32f4xx_hal_rcc.o
 .debug_loc     0x0000199a     0x34bc Drivers/STM32F4xx_HAL_Driver/Src/stm32f4xx_hal_tim.o
 .debug_loc     0x00004e56      0xe78 Drivers/STM32F4xx_HAL_Driver/Src/stm32f4xx_hal_tim_ex.o
 .debug_loc     0x00005cce     0x1532 Drivers/STM32F4xx_HAL_Driver/Src/stm32f4xx_hal_uart.o
 .debug_loc     0x00007200      0xfe2 Middlewares/Third_Party/FreeRTOS/Source/CMSIS_RTOS/cmsis_os.o
 .debug_loc     0x000081e2       0x70 Middlewares/Third_Party/FreeRTOS/Source/list.o
 .debug_loc     0x00008252     0x14e6 Middlewares/Third_Party/FreeRTOS/Source/tasks.o
 .debug_loc     0x00009738      0x104 Middlewares/Third_Party/FreeRTOS/Source/portable/GCC/ARM_CM4F/port.o
 .debug_loc     0x0000983c      0x291 Middlewares/Third_Party/FreeRTOS/Source/portable/MemMang/heap_4.o
 .debug_loc     0x00009acd       0x63 Src/freertos.o
 .debug_loc     0x00009b30       0x3a Src/main.o
 .debug_loc     0x00009b6a       0x6a Src/stm32f4xx_hal_timebase_TIM.o
 .debug_loc     0x00009bd4       0x6e Src/stm32f4xx_it.o
 .debug_loc     0x00009c42      0x13e Src/system_stm32f4xx.o
 .debug_loc     0x00009d80       0x21 Src/tim.o
 .debug_loc     0x00009da1       0x5b Src/usart.o

.debug_aranges  0x00000000      0xfe0
 .debug_aranges
                0x00000000       0xe0 Drivers/STM32F4xx_HAL_Driver/Src/stm32f4xx_hal.o
 .debug_aranges
                0x000000e0       0xa8 Drivers/STM32F4xx_HAL_Driver/Src/stm32f4xx_hal_cortex.o
 .debug_aranges
                0x00000188       0x90 Drivers/STM32F4xx_HAL_Driver/Src/stm32f4xx_hal_dma.o
 .debug_aranges
                0x00000218       0x58 Drivers/STM32F4xx_HAL_Driver/Src/stm32f4xx_hal_gpio.o
 .debug_aranges
                0x00000270       0x88 Drivers/STM32F4xx_HAL_Driver/Src/stm32f4xx_hal_rcc.o
 .debug_aranges
                0x000002f8      0x368 Drivers/STM32F4xx_HAL_Driver/Src/stm32f4xx_hal_tim.o
 .debug_aranges
                0x00000660      0x140 Drivers/STM32F4xx_HAL_Driver/Src/stm32f4xx_hal_tim_ex.o
 .debug_aranges
                0x000007a0      0x1d0 Drivers/STM32F4xx_HAL_Driver/Src/stm32f4xx_hal_uart.o
 .debug_aranges
                0x00000970      0x1d8 Middlewares/Third_Party/FreeRTOS/Source/CMSIS_RTOS/cmsis_os.o
 .debug_aranges
                0x00000b48       0x40 Middlewares/Third_Party/FreeRTOS/Source/list.o
 .debug_aranges
                0x00000b88      0x190 Middlewares/Third_Party/FreeRTOS/Source/tasks.o
 .debug_aranges
                0x00000d18       0x80 Middlewares/Third_Party/FreeRTOS/Source/portable/GCC/ARM_CM4F/port.o
 .debug_aranges
                0x00000d98       0x50 Middlewares/Third_Party/FreeRTOS/Source/portable/MemMang/heap_4.o
 .debug_aranges
                0x00000de8       0x38 Src/freertos.o
 .debug_aranges
                0x00000e20       0x20 Src/gpio.o
 .debug_aranges
                0x00000e40       0x38 Src/main.o
 .debug_aranges
                0x00000e78       0x20 Src/stm32f4xx_hal_msp.o
 .debug_aranges
                0x00000e98       0x30 Src/stm32f4xx_hal_timebase_TIM.o
 .debug_aranges
                0x00000ec8       0x60 Src/stm32f4xx_it.o
 .debug_aranges
                0x00000f28       0x28 Src/system_stm32f4xx.o
 .debug_aranges
                0x00000f50       0x38 Src/tim.o
 .debug_aranges
                0x00000f88       0x30 Src/usart.o
 .debug_aranges
                0x00000fb8       0x28 startup/startup_stm32f407xx.o

.debug_ranges   0x00000000      0xf90
 .debug_ranges  0x00000000       0xd0 Drivers/STM32F4xx_HAL_Driver/Src/stm32f4xx_hal.o
 .debug_ranges  0x000000d0       0xf8 Drivers/STM32F4xx_HAL_Driver/Src/stm32f4xx_hal_cortex.o
 .debug_ranges  0x000001c8       0x80 Drivers/STM32F4xx_HAL_Driver/Src/stm32f4xx_hal_dma.o
 .debug_ranges  0x00000248       0x48 Drivers/STM32F4xx_HAL_Driver/Src/stm32f4xx_hal_gpio.o
 .debug_ranges  0x00000290       0x90 Drivers/STM32F4xx_HAL_Driver/Src/stm32f4xx_hal_rcc.o
 .debug_ranges  0x00000320      0x358 Drivers/STM32F4xx_HAL_Driver/Src/stm32f4xx_hal_tim.o
 .debug_ranges  0x00000678      0x130 Drivers/STM32F4xx_HAL_Driver/Src/stm32f4xx_hal_tim_ex.o
 .debug_ranges  0x000007a8      0x1c0 Drivers/STM32F4xx_HAL_Driver/Src/stm32f4xx_hal_uart.o
 .debug_ranges  0x00000968      0x1c8 Middlewares/Third_Party/FreeRTOS/Source/CMSIS_RTOS/cmsis_os.o
 .debug_ranges  0x00000b30       0x30 Middlewares/Third_Party/FreeRTOS/Source/list.o
 .debug_ranges  0x00000b60      0x208 Middlewares/Third_Party/FreeRTOS/Source/tasks.o
 .debug_ranges  0x00000d68       0x88 Middlewares/Third_Party/FreeRTOS/Source/portable/GCC/ARM_CM4F/port.o
 .debug_ranges  0x00000df0       0x40 Middlewares/Third_Party/FreeRTOS/Source/portable/MemMang/heap_4.o
 .debug_ranges  0x00000e30       0x28 Src/freertos.o
 .debug_ranges  0x00000e58       0x10 Src/gpio.o
 .debug_ranges  0x00000e68       0x28 Src/main.o
 .debug_ranges  0x00000e90       0x10 Src/stm32f4xx_hal_msp.o
 .debug_ranges  0x00000ea0       0x20 Src/stm32f4xx_hal_timebase_TIM.o
 .debug_ranges  0x00000ec0       0x50 Src/stm32f4xx_it.o
 .debug_ranges  0x00000f10       0x18 Src/system_stm32f4xx.o
 .debug_ranges  0x00000f28       0x28 Src/tim.o
 .debug_ranges  0x00000f50       0x20 Src/usart.o
 .debug_ranges  0x00000f70       0x20 startup/startup_stm32f407xx.o

.debug_macro    0x00000000    0x23bfd
 .debug_macro   0x00000000      0x379 Drivers/STM32F4xx_HAL_Driver/Src/stm32f4xx_hal.o
 .debug_macro   0x00000379      0x8bc Drivers/STM32F4xx_HAL_Driver/Src/stm32f4xx_hal.o
 .debug_macro   0x00000c35       0x4c Drivers/STM32F4xx_HAL_Driver/Src/stm32f4xx_hal.o
 .debug_macro   0x00000c81      0x180 Drivers/STM32F4xx_HAL_Driver/Src/stm32f4xx_hal.o
 .debug_macro   0x00000e01       0x32 Drivers/STM32F4xx_HAL_Driver/Src/stm32f4xx_hal.o
 .debug_macro   0x00000e33       0x2f Drivers/STM32F4xx_HAL_Driver/Src/stm32f4xx_hal.o
 .debug_macro   0x00000e62       0x22 Drivers/STM32F4xx_HAL_Driver/Src/stm32f4xx_hal.o
 .debug_macro   0x00000e84       0x87 Drivers/STM32F4xx_HAL_Driver/Src/stm32f4xx_hal.o
 .debug_macro   0x00000f0b       0x51 Drivers/STM32F4xx_HAL_Driver/Src/stm32f4xx_hal.o
 .debug_macro   0x00000f5c       0xef Drivers/STM32F4xx_HAL_Driver/Src/stm32f4xx_hal.o
 .debug_macro   0x0000104b       0x6a Drivers/STM32F4xx_HAL_Driver/Src/stm32f4xx_hal.o
 .debug_macro   0x000010b5      0x1df Drivers/STM32F4xx_HAL_Driver/Src/stm32f4xx_hal.o
 .debug_macro   0x00001294       0x35 Drivers/STM32F4xx_HAL_Driver/Src/stm32f4xx_hal.o
 .debug_macro   0x000012c9       0x50 Drivers/STM32F4xx_HAL_Driver/Src/stm32f4xx_hal.o
 .debug_macro   0x00001319      0xe66 Drivers/STM32F4xx_HAL_Driver/Src/stm32f4xx_hal.o
 .debug_macro   0x0000217f    0x15d08 Drivers/STM32F4xx_HAL_Driver/Src/stm32f4xx_hal.o
 .debug_macro   0x00017e87       0x43 Drivers/STM32F4xx_HAL_Driver/Src/stm32f4xx_hal.o
 .debug_macro   0x00017eca     0x3535 Drivers/STM32F4xx_HAL_Driver/Src/stm32f4xx_hal.o
 .debug_macro   0x0001b3ff       0x58 Drivers/STM32F4xx_HAL_Driver/Src/stm32f4xx_hal.o
 .debug_macro   0x0001b457       0x35 Drivers/STM32F4xx_HAL_Driver/Src/stm32f4xx_hal.o
 .debug_macro   0x0001b48c       0x9c Drivers/STM32F4xx_HAL_Driver/Src/stm32f4xx_hal.o
 .debug_macro   0x0001b528       0x16 Drivers/STM32F4xx_HAL_Driver/Src/stm32f4xx_hal.o
 .debug_macro   0x0001b53e       0x97 Drivers/STM32F4xx_HAL_Driver/Src/stm32f4xx_hal.o
 .debug_macro   0x0001b5d5      0x330 Drivers/STM32F4xx_HAL_Driver/Src/stm32f4xx_hal.o
 .debug_macro   0x0001b905       0xfd Drivers/STM32F4xx_HAL_Driver/Src/stm32f4xx_hal.o
 .debug_macro   0x0001ba02       0x10 Drivers/STM32F4xx_HAL_Driver/Src/stm32f4xx_hal.o
 .debug_macro   0x0001ba12       0x58 Drivers/STM32F4xx_HAL_Driver/Src/stm32f4xx_hal.o
 .debug_macro   0x0001ba6a       0x1f Drivers/STM32F4xx_HAL_Driver/Src/stm32f4xx_hal.o
 .debug_macro   0x0001ba89       0x43 Drivers/STM32F4xx_HAL_Driver/Src/stm32f4xx_hal.o
 .debug_macro   0x0001bacc       0x20 Drivers/STM32F4xx_HAL_Driver/Src/stm32f4xx_hal.o
 .debug_macro   0x0001baec      0x187 Drivers/STM32F4xx_HAL_Driver/Src/stm32f4xx_hal.o
 .debug_macro   0x0001bc73       0x10 Drivers/STM32F4xx_HAL_Driver/Src/stm32f4xx_hal.o
 .debug_macro   0x0001bc83       0x1c Drivers/STM32F4xx_HAL_Driver/Src/stm32f4xx_hal.o
 .debug_macro   0x0001bc9f       0x52 Drivers/STM32F4xx_HAL_Driver/Src/stm32f4xx_hal.o
 .debug_macro   0x0001bcf1       0x40 Drivers/STM32F4xx_HAL_Driver/Src/stm32f4xx_hal.o
 .debug_macro   0x0001bd31       0x10 Drivers/STM32F4xx_HAL_Driver/Src/stm32f4xx_hal.o
 .debug_macro   0x0001bd41       0x40 Drivers/STM32F4xx_HAL_Driver/Src/stm32f4xx_hal.o
 .debug_macro   0x0001bd81       0xd7 Drivers/STM32F4xx_HAL_Driver/Src/stm32f4xx_hal.o
 .debug_macro   0x0001be58       0x16 Drivers/STM32F4xx_HAL_Driver/Src/stm32f4xx_hal.o
 .debug_macro   0x0001be6e      0x18b Drivers/STM32F4xx_HAL_Driver/Src/stm32f4xx_hal.o
 .debug_macro   0x0001bff9       0x50 Drivers/STM32F4xx_HAL_Driver/Src/stm32f4xx_hal.o
 .debug_macro   0x0001c049      0x96b Drivers/STM32F4xx_HAL_Driver/Src/stm32f4xx_hal.o
 .debug_macro   0x0001c9b4      0xa02 Drivers/STM32F4xx_HAL_Driver/Src/stm32f4xx_hal.o
 .debug_macro   0x0001d3b6      0x11e Drivers/STM32F4xx_HAL_Driver/Src/stm32f4xx_hal.o
 .debug_macro   0x0001d4d4      0x13e Drivers/STM32F4xx_HAL_Driver/Src/stm32f4xx_hal.o
 .debug_macro   0x0001d612       0x27 Drivers/STM32F4xx_HAL_Driver/Src/stm32f4xx_hal.o
 .debug_macro   0x0001d639      0x287 Drivers/STM32F4xx_HAL_Driver/Src/stm32f4xx_hal.o
 .debug_macro   0x0001d8c0       0x5f Drivers/STM32F4xx_HAL_Driver/Src/stm32f4xx_hal.o
 .debug_macro   0x0001d91f      0x23a Drivers/STM32F4xx_HAL_Driver/Src/stm32f4xx_hal.o
 .debug_macro   0x0001db59      0x133 Drivers/STM32F4xx_HAL_Driver/Src/stm32f4xx_hal.o
 .debug_macro   0x0001dc8c      0x21e Drivers/STM32F4xx_HAL_Driver/Src/stm32f4xx_hal.o
 .debug_macro   0x0001deaa       0x2e Drivers/STM32F4xx_HAL_Driver/Src/stm32f4xx_hal.o
 .debug_macro   0x0001ded8      0x11e Drivers/STM32F4xx_HAL_Driver/Src/stm32f4xx_hal.o
 .debug_macro   0x0001dff6       0x7f Drivers/STM32F4xx_HAL_Driver/Src/stm32f4xx_hal.o
 .debug_macro   0x0001e075       0x89 Drivers/STM32F4xx_HAL_Driver/Src/stm32f4xx_hal.o
 .debug_macro   0x0001e0fe      0x6e0 Drivers/STM32F4xx_HAL_Driver/Src/stm32f4xx_hal.o
 .debug_macro   0x0001e7de       0x59 Drivers/STM32F4xx_HAL_Driver/Src/stm32f4xx_hal.o
 .debug_macro   0x0001e837      0x14d Drivers/STM32F4xx_HAL_Driver/Src/stm32f4xx_hal.o
 .debug_macro   0x0001e984      0x287 Drivers/STM32F4xx_HAL_Driver/Src/stm32f4xx_hal.o
 .debug_macro   0x0001ec0b      0x134 Drivers/STM32F4xx_HAL_Driver/Src/stm32f4xx_hal.o
 .debug_macro   0x0001ed3f      0x319 Drivers/STM32F4xx_HAL_Driver/Src/stm32f4xx_hal_cortex.o
 .debug_macro   0x0001f058      0x320 Drivers/STM32F4xx_HAL_Driver/Src/stm32f4xx_hal_dma.o
 .debug_macro   0x0001f378      0x351 Drivers/STM32F4xx_HAL_Driver/Src/stm32f4xx_hal_gpio.o
 .debug_macro   0x0001f6c9      0x33d Drivers/STM32F4xx_HAL_Driver/Src/stm32f4xx_hal_rcc.o
 .debug_macro   0x0001fa06      0x319 Drivers/STM32F4xx_HAL_Driver/Src/stm32f4xx_hal_tim.o
 .debug_macro   0x0001fd1f      0x319 Drivers/STM32F4xx_HAL_Driver/Src/stm32f4xx_hal_tim_ex.o
 .debug_macro   0x00020038      0x31a Drivers/STM32F4xx_HAL_Driver/Src/stm32f4xx_hal_uart.o
 .debug_macro   0x00020352      0x1f3 Middlewares/Third_Party/FreeRTOS/Source/CMSIS_RTOS/cmsis_os.o
 .debug_macro   0x00020545       0x52 Middlewares/Third_Party/FreeRTOS/Source/CMSIS_RTOS/cmsis_os.o
 .debug_macro   0x00020597       0x8d Middlewares/Third_Party/FreeRTOS/Source/CMSIS_RTOS/cmsis_os.o
 .debug_macro   0x00020624      0x174 Middlewares/Third_Party/FreeRTOS/Source/CMSIS_RTOS/cmsis_os.o
 .debug_macro   0x00020798       0x57 Middlewares/Third_Party/FreeRTOS/Source/CMSIS_RTOS/cmsis_os.o
 .debug_macro   0x000207ef       0x10 Middlewares/Third_Party/FreeRTOS/Source/CMSIS_RTOS/cmsis_os.o
 .debug_macro   0x000207ff       0x35 Middlewares/Third_Party/FreeRTOS/Source/CMSIS_RTOS/cmsis_os.o
 .debug_macro   0x00020834       0xd2 Middlewares/Third_Party/FreeRTOS/Source/CMSIS_RTOS/cmsis_os.o
 .debug_macro   0x00020906      0x168 Middlewares/Third_Party/FreeRTOS/Source/CMSIS_RTOS/cmsis_os.o
 .debug_macro   0x00020a6e       0xe4 Middlewares/Third_Party/FreeRTOS/Source/CMSIS_RTOS/cmsis_os.o
 .debug_macro   0x00020b52       0x10 Middlewares/Third_Party/FreeRTOS/Source/CMSIS_RTOS/cmsis_os.o
 .debug_macro   0x00020b62       0x26 Middlewares/Third_Party/FreeRTOS/Source/CMSIS_RTOS/cmsis_os.o
 .debug_macro   0x00020b88      0x40f Middlewares/Third_Party/FreeRTOS/Source/CMSIS_RTOS/cmsis_os.o
 .debug_macro   0x00020f97       0xc0 Middlewares/Third_Party/FreeRTOS/Source/CMSIS_RTOS/cmsis_os.o
 .debug_macro   0x00021057       0x8c Middlewares/Third_Party/FreeRTOS/Source/CMSIS_RTOS/cmsis_os.o
 .debug_macro   0x000210e3       0x91 Middlewares/Third_Party/FreeRTOS/Source/CMSIS_RTOS/cmsis_os.o
 .debug_macro   0x00021174       0x94 Middlewares/Third_Party/FreeRTOS/Source/CMSIS_RTOS/cmsis_os.o
 .debug_macro   0x00021208       0x63 Middlewares/Third_Party/FreeRTOS/Source/CMSIS_RTOS/cmsis_os.o
 .debug_macro   0x0002126b       0x19 Middlewares/Third_Party/FreeRTOS/Source/CMSIS_RTOS/cmsis_os.o
 .debug_macro   0x00021284       0xcf Middlewares/Third_Party/FreeRTOS/Source/CMSIS_RTOS/cmsis_os.o
 .debug_macro   0x00021353       0x26 Middlewares/Third_Party/FreeRTOS/Source/CMSIS_RTOS/cmsis_os.o
 .debug_macro   0x00021379      0x18b Middlewares/Third_Party/FreeRTOS/Source/list.o
 .debug_macro   0x00021504      0x26a Middlewares/Third_Party/FreeRTOS/Source/tasks.o
 .debug_macro   0x0002176e       0x11 Middlewares/Third_Party/FreeRTOS/Source/tasks.o
 .debug_macro   0x0002177f      0x1ad Middlewares/Third_Party/FreeRTOS/Source/portable/GCC/ARM_CM4F/port.o
 .debug_macro   0x0002192c      0x1b2 Middlewares/Third_Party/FreeRTOS/Source/portable/MemMang/heap_4.o
 .debug_macro   0x00021ade      0x3db Src/freertos.o
 .debug_macro   0x00021eb9      0x186 Src/freertos.o
 .debug_macro   0x0002203f       0x3b Src/freertos.o
 .debug_macro   0x0002207a      0x323 Src/gpio.o
 .debug_macro   0x0002239d      0x3ef Src/main.o
 .debug_macro   0x0002278c       0xd8 Src/main.o
 .debug_macro   0x00022864      0x319 Src/stm32f4xx_hal_msp.o
 .debug_macro   0x00022b7d      0x319 Src/stm32f4xx_hal_timebase_TIM.o
 .debug_macro   0x00022e96      0x3f8 Src/stm32f4xx_it.o
 .debug_macro   0x0002328e      0x31f Src/system_stm32f4xx.o
 .debug_macro   0x000235ad      0x323 Src/tim.o
 .debug_macro   0x000238d0      0x32d Src/usart.o

.debug_line     0x00000000     0xd7e1
 .debug_line    0x00000000      0x916 Drivers/STM32F4xx_HAL_Driver/Src/stm32f4xx_hal.o
 .debug_line    0x00000916      0x952 Drivers/STM32F4xx_HAL_Driver/Src/stm32f4xx_hal_cortex.o
 .debug_line    0x00001268      0xa5b Drivers/STM32F4xx_HAL_Driver/Src/stm32f4xx_hal_dma.o
 .debug_line    0x00001cc3      0x8c6 Drivers/STM32F4xx_HAL_Driver/Src/stm32f4xx_hal_gpio.o
 .debug_line    0x00002589      0x9a2 Drivers/STM32F4xx_HAL_Driver/Src/stm32f4xx_hal_rcc.o
 .debug_line    0x00002f2b     0x1867 Drivers/STM32F4xx_HAL_Driver/Src/stm32f4xx_hal_tim.o
 .debug_line    0x00004792      0xcf2 Drivers/STM32F4xx_HAL_Driver/Src/stm32f4xx_hal_tim_ex.o
 .debug_line    0x00005484     0x1040 Drivers/STM32F4xx_HAL_Driver/Src/stm32f4xx_hal_uart.o
 .debug_line    0x000064c4      0xb4e Middlewares/Third_Party/FreeRTOS/Source/CMSIS_RTOS/cmsis_os.o
 .debug_line    0x00007012      0x515 Middlewares/Third_Party/FreeRTOS/Source/list.o
 .debug_line    0x00007527      0xd82 Middlewares/Third_Party/FreeRTOS/Source/tasks.o
 .debug_line    0x000082a9      0x596 Middlewares/Third_Party/FreeRTOS/Source/portable/GCC/ARM_CM4F/port.o
 .debug_line    0x0000883f      0x5c7 Middlewares/Third_Party/FreeRTOS/Source/portable/MemMang/heap_4.o
 .debug_line    0x00008e06      0x9d0 Src/freertos.o
 .debug_line    0x000097d6      0x740 Src/gpio.o
 .debug_line    0x00009f16      0x95c Src/main.o
 .debug_line    0x0000a872      0x73b Src/stm32f4xx_hal_msp.o
 .debug_line    0x0000afad      0x76e Src/stm32f4xx_hal_timebase_TIM.o
 .debug_line    0x0000b71b      0x9cf Src/stm32f4xx_it.o
 .debug_line    0x0000c0ea      0x766 Src/system_stm32f4xx.o
 .debug_line    0x0000c850      0x798 Src/tim.o
 .debug_line    0x0000cfe8      0x77a Src/usart.o
 .debug_line    0x0000d762       0x7f startup/startup_stm32f407xx.o

.debug_str      0x00000000    0xcaa10
 .debug_str     0x00000000    0xc034c Drivers/STM32F4xx_HAL_Driver/Src/stm32f4xx_hal.o
                              0xc0731 (size before relaxing)
 .debug_str     0x000c034c      0x39e Drivers/STM32F4xx_HAL_Driver/Src/stm32f4xx_hal_cortex.o
                              0xc0473 (size before relaxing)
 .debug_str     0x000c06ea      0x536 Drivers/STM32F4xx_HAL_Driver/Src/stm32f4xx_hal_dma.o
                              0xbffe8 (size before relaxing)
 .debug_str     0x000c0c20      0x292 Drivers/STM32F4xx_HAL_Driver/Src/stm32f4xx_hal_gpio.o
                              0xbfe06 (size before relaxing)
 .debug_str     0x000c0eb2      0x384 Drivers/STM32F4xx_HAL_Driver/Src/stm32f4xx_hal_rcc.o
                              0xbffd0 (size before relaxing)
 .debug_str     0x000c1236      0xe88 Drivers/STM32F4xx_HAL_Driver/Src/stm32f4xx_hal_tim.o
                              0xc0c0e (size before relaxing)
 .debug_str     0x000c20be      0x4f4 Drivers/STM32F4xx_HAL_Driver/Src/stm32f4xx_hal_tim_ex.o
                              0xc04ce (size before relaxing)
 .debug_str     0x000c25b2      0x6d6 Drivers/STM32F4xx_HAL_Driver/Src/stm32f4xx_hal_uart.o
                              0xc044b (size before relaxing)
 .debug_str     0x000c2c88     0x5d22 Middlewares/Third_Party/FreeRTOS/Source/CMSIS_RTOS/cmsis_os.o
                               0xc3cd (size before relaxing)
 .debug_str     0x000c89aa      0x234 Middlewares/Third_Party/FreeRTOS/Source/list.o
                               0x966a (size before relaxing)
 .debug_str     0x000c8bde     0x10b7 Middlewares/Third_Party/FreeRTOS/Source/tasks.o
                               0xb6f0 (size before relaxing)
 .debug_str     0x000c9c95      0x77c Middlewares/Third_Party/FreeRTOS/Source/portable/GCC/ARM_CM4F/port.o
                               0x76e2 (size before relaxing)
 .debug_str     0x000ca411      0x243 Middlewares/Third_Party/FreeRTOS/Source/portable/MemMang/heap_4.o
                               0x9daa (size before relaxing)
 .debug_str     0x000ca654       0xf8 Src/freertos.o
                              0xc5493 (size before relaxing)
 .debug_str     0x000ca74c       0x25 Src/gpio.o
                              0xbfbec (size before relaxing)
 .debug_str     0x000ca771       0x77 Src/main.o
                              0xc5a94 (size before relaxing)
 .debug_str     0x000ca7e8       0x1b Src/stm32f4xx_hal_msp.o
                              0xbff4e (size before relaxing)
 .debug_str     0x000ca803       0x61 Src/stm32f4xx_hal_timebase_TIM.o
                              0xc05b3 (size before relaxing)
 .debug_str     0x000ca864       0xf5 Src/stm32f4xx_it.o
                              0xc5868 (size before relaxing)
 .debug_str     0x000ca959       0x5a Src/system_stm32f4xx.o
                              0xbfbc2 (size before relaxing)
 .debug_str     0x000ca9b3       0x43 Src/tim.o
                              0xc0155 (size before relaxing)
 .debug_str     0x000ca9f6       0x1a Src/usart.o
                              0xc0566 (size before relaxing)

.comment        0x00000000       0x7f
 .comment       0x00000000       0x7f Drivers/STM32F4xx_HAL_Driver/Src/stm32f4xx_hal.o
                                 0x80 (size before relaxing)
 .comment       0x0000007f       0x80 Drivers/STM32F4xx_HAL_Driver/Src/stm32f4xx_hal_cortex.o
 .comment       0x0000007f       0x80 Drivers/STM32F4xx_HAL_Driver/Src/stm32f4xx_hal_dma.o
 .comment       0x0000007f       0x80 Drivers/STM32F4xx_HAL_Driver/Src/stm32f4xx_hal_gpio.o
 .comment       0x0000007f       0x80 Drivers/STM32F4xx_HAL_Driver/Src/stm32f4xx_hal_rcc.o
 .comment       0x0000007f       0x80 Drivers/STM32F4xx_HAL_Driver/Src/stm32f4xx_hal_tim.o
 .comment       0x0000007f       0x80 Drivers/STM32F4xx_HAL_Driver/Src/stm32f4xx_hal_tim_ex.o
 .comment       0x0000007f       0x80 Drivers/STM32F4xx_HAL_Driver/Src/stm32f4xx_hal_uart.o
 .comment       0x0000007f       0x80 Middlewares/Third_Party/FreeRTOS/Source/CMSIS_RTOS/cmsis_os.o
 .comment       0x0000007f       0x80 Middlewares/Third_Party/FreeRTOS/Source/list.o
 .comment       0x0000007f       0x80 Middlewares/Third_Party/FreeRTOS/Source/tasks.o
 .comment       0x0000007f       0x80 Middlewares/Third_Party/FreeRTOS/Source/portable/GCC/ARM_CM4F/port.o
 .comment       0x0000007f       0x80 Middlewares/Third_Party/FreeRTOS/Source/portable/MemMang/heap_4.o
 .comment       0x0000007f       0x80 Src/freertos.o
 .comment       0x0000007f       0x80 Src/gpio.o
 .comment       0x0000007f       0x80 Src/main.o
 .comment       0x0000007f       0x80 Src/stm32f4xx_hal_msp.o
 .comment       0x0000007f       0x80 Src/stm32f4xx_hal_timebase_TIM.o
 .comment       0x0000007f       0x80 Src/stm32f4xx_it.o
 .comment       0x0000007f       0x80 Src/system_stm32f4xx.o
 .comment       0x0000007f       0x80 Src/tim.o
 .comment       0x0000007f       0x80 Src/usart.o

.debug_frame    0x00000000     0x29cc
 .debug_frame   0x00000000      0x1cc Drivers/STM32F4xx_HAL_Driver/Src/stm32f4xx_hal.o
 .debug_frame   0x000001cc      0x15c Drivers/STM32F4xx_HAL_Driver/Src/stm32f4xx_hal_cortex.o
 .debug_frame   0x00000328      0x17c Drivers/STM32F4xx_HAL_Driver/Src/stm32f4xx_hal_dma.o
 .debug_frame   0x000004a4       0xd0 Drivers/STM32F4xx_HAL_Driver/Src/stm32f4xx_hal_gpio.o
 .debug_frame   0x00000574      0x174 Drivers/STM32F4xx_HAL_Driver/Src/stm32f4xx_hal_rcc.o
 .debug_frame   0x000006e8      0x9e0 Drivers/STM32F4xx_HAL_Driver/Src/stm32f4xx_hal_tim.o
 .debug_frame   0x000010c8      0x384 Drivers/STM32F4xx_HAL_Driver/Src/stm32f4xx_hal_tim_ex.o
 .debug_frame   0x0000144c      0x4e8 Drivers/STM32F4xx_HAL_Driver/Src/stm32f4xx_hal_uart.o
 .debug_frame   0x00001934      0x584 Middlewares/Third_Party/FreeRTOS/Source/CMSIS_RTOS/cmsis_os.o
 .debug_frame   0x00001eb8       0x6c Middlewares/Third_Party/FreeRTOS/Source/list.o
 .debug_frame   0x00001f24      0x4e8 Middlewares/Third_Party/FreeRTOS/Source/tasks.o
 .debug_frame   0x0000240c       0xfc Middlewares/Third_Party/FreeRTOS/Source/portable/GCC/ARM_CM4F/port.o
 .debug_frame   0x00002508       0xac Middlewares/Third_Party/FreeRTOS/Source/portable/MemMang/heap_4.o
 .debug_frame   0x000025b4       0x7c Src/freertos.o
 .debug_frame   0x00002630       0x34 Src/gpio.o
 .debug_frame   0x00002664       0x70 Src/main.o
 .debug_frame   0x000026d4       0x28 Src/stm32f4xx_hal_msp.o
 .debug_frame   0x000026fc       0x50 Src/stm32f4xx_hal_timebase_TIM.o
 .debug_frame   0x0000274c       0xc0 Src/stm32f4xx_it.o
 .debug_frame   0x0000280c       0x30 Src/system_stm32f4xx.o
 .debug_frame   0x0000283c       0x7c Src/tim.o
 .debug_frame   0x000028b8       0x60 Src/usart.o
 .debug_frame   0x00002918       0x2c d:/sw4stm32/plugins/fr.ac6.mcu.externaltools.arm-none.win32_1.15.0.201708311556/tools/compiler/bin/../lib/gcc/arm-none-eabi/6.3.1/thumb/v7e-m/fpv4-sp/hard\libgcc.a(_aeabi_uldivmod.o)
 .debug_frame   0x00002944       0x34 d:/sw4stm32/plugins/fr.ac6.mcu.externaltools.arm-none.win32_1.15.0.201708311556/tools/compiler/bin/../lib/gcc/arm-none-eabi/6.3.1/thumb/v7e-m/fpv4-sp/hard\libgcc.a(_udivmoddi4.o)
 .debug_frame   0x00002978       0x2c d:/sw4stm32/plugins/fr.ac6.mcu.externaltools.arm-none.win32_1.15.0.201708311556/tools/compiler/bin/../lib/gcc/arm-none-eabi/6.3.1/../../../../arm-none-eabi/lib/thumb/v7e-m/fpv4-sp/hard\libc_nano.a(lib_a-init.o)
 .debug_frame   0x000029a4       0x28 d:/sw4stm32/plugins/fr.ac6.mcu.externaltools.arm-none.win32_1.15.0.201708311556/tools/compiler/bin/../lib/gcc/arm-none-eabi/6.3.1/../../../../arm-none-eabi/lib/thumb/v7e-m/fpv4-sp/hard\libc_nano.a(lib_a-memcpy-stub.o)
